2025-10-22 21:17:43 - 开始约束基数
员工: wrk
原始社保基数: 100.00
原始医保基数: 101.00
原始公积金基数: 102.00

约束后社保基数: 100.00
约束后医保基数: 101.00
约束后公积金基数: 102.00
==================================================

2025-10-22 21:19:19 - 开始约束基数
员工: wrk
原始社保基数: 5500.00
原始医保基数: 5500.00
原始公积金基数: 5000.00

约束后社保基数: 5500.00
约束后医保基数: 5500.00
约束后公积金基数: 5000.00
==================================================

2025-10-22 21:39:48 - 开始约束基数
员工: wrk
原始社保基数: 5500.00
原始医保基数: 5500.00
原始公积金基数: 5000.00

约束后社保基数: 333.00
约束后医保基数: 5.00
约束后公积金基数: 5000.00
==================================================

2025-10-22 22:10:13 - 开始约束基数
员工: wrk
原始社保基数: 5500.00
原始医保基数: 5500.00
原始公积金基数: 5000.00

约束后社保基数: 333.00
约束后医保基数: 5.00
约束后公积金基数: 5000.00
==================================================

2025-10-22 22:21:13 - 开始约束基数
员工: wrk
原始社保基数: 5500.00
原始医保基数: 5500.00
原始公积金基数: 5000.00

约束后社保基数: 333.00
约束后医保基数: 5.00
约束后公积金基数: 3001.00
==================================================

2025-10-24 14:41:45 - 开始约束基数
员工: wrk
原始社保基数: 5500.00
原始医保基数: 5500.00
原始公积金基数: 5000.00

约束后社保基数: 1009.00
约束后医保基数: 5.00
约束后公积金基数: 3001.00
==================================================

2025-10-25 14:35:29 - 开始约束基数
员工: wrk
原始社保基数: 5500.00
原始医保基数: 5500.00
原始公积金基数: 5000.00

约束后社保基数: 5500.00
约束后医保基数: 5.00
约束后公积金基数: 5000.00
==================================================

2025-10-25 15:35:56 - 开始约束基数
员工: wrk
原始社保基数: 5500.00
原始医保基数: 5500.00
原始公积金基数: 5000.00

约束后社保基数: 5500.00
约束后医保基数: 5.00
约束后公积金基数: 5000.00
==================================================

2025-11-13 16:51:07 - 开始约束基数
员工: wrk
原始社保基数: 2800.00
原始医保基数: 1002.00
原始公积金基数: 1400.00

约束后社保基数: 3000.00
约束后医保基数: 5.00
约束后公积金基数: 2200.00
==================================================

2025-11-13 20:19:48 - 开始约束基数
员工: wrk
原始社保基数: 3000.00
原始医保基数: 5.00
原始公积金基数: 2200.00

约束后社保基数: 3000.00
约束后医保基数: 5.00
约束后公积金基数: 2200.00
==================================================

2025-11-20 15:17:21 - 开始约束基数
员工: 张三
原始社保基数: 12000.00
原始医保基数: 12000.00
原始公积金基数: 12000.00

约束后社保基数: 12000.00
约束后医保基数: 5.00
约束后公积金基数: 12000.00
==================================================

2025-11-20 15:17:33 - 开始约束基数
员工: wrk
原始社保基数: 2800.00
原始医保基数: 1002.00
原始公积金基数: 1400.00

约束后社保基数: 3000.00
约束后医保基数: 5.00
约束后公积金基数: 2200.00
==================================================

2024-03-22 09:05:08 - 开始约束基数
员工: 张三
原始社保基数: 12000.00
原始医保基数: 12000.00
原始公积金基数: 12000.00

约束后社保基数: 12000.00
约束后医保基数: 12000.00
约束后公积金基数: 12000.00
==================================================

2024-03-22 09:08:00 - 开始约束基数
员工: 张三
原始社保基数: 9000.00
原始医保基数: 6000.00
原始公积金基数: 6000.00

约束后社保基数: 9000.00
约束后医保基数: 6000.00
约束后公积金基数: 6000.00
==================================================

2025-12-15 21:04:17 - 开始约束基数
员工: 张三
原始社保基数: 5000.00
原始医保基数: 5000.00
原始公积金基数: 5000.00

约束后社保基数: 5000.00
约束后医保基数: 5000.00
约束后公积金基数: 5000.00
==================================================

2025-12-15 21:07:04 - 开始约束基数
员工: 张三
原始社保基数: 5000.00
原始医保基数: 5000.00
原始公积金基数: 5000.00

约束后社保基数: 5000.00
约束后医保基数: 5.00
约束后公积金基数: 5000.00
==================================================

2025-12-15 21:19:48 - 开始约束基数
员工: 张三
原始社保基数: 5000.00
原始医保基数: 5000.00
原始公积金基数: 5000.00

约束后社保基数: 5000.00
约束后医保基数: 5.00
约束后公积金基数: 3000.00
==================================================

2025-12-15 21:20:15 - 开始约束基数
员工: 张三
原始社保基数: 5000.00
原始医保基数: 5000.00
原始公积金基数: 5000.00

约束后社保基数: 5000.00
约束后医保基数: 5.00
约束后公积金基数: 3000.00
==================================================

2025-12-15 21:34:51 - 开始约束基数
员工: 张三
原始社保基数: 5000.00
原始医保基数: 5000.00
原始公积金基数: 5000.00

约束后社保基数: 5000.00
约束后医保基数: 5.00
约束后公积金基数: 5000.00
==================================================

2025-12-15 21:36:52 - 开始约束基数
员工: 张三
原始社保基数: 5000.00
原始医保基数: 5000.00
原始公积金基数: 5000.00

约束后社保基数: 5000.00
约束后医保基数: 5.00
约束后公积金基数: 5000.00
==================================================

2025-12-15 21:38:07 - 开始约束基数
员工: 张三
原始社保基数: 5000.00
原始医保基数: 5000.00
原始公积金基数: 5000.00

约束后社保基数: 5000.00
约束后医保基数: 5.00
约束后公积金基数: 5000.00
==================================================

2025-12-15 22:41:02 - 开始约束基数
员工: 张三
原始社保基数: 5000.00
原始医保基数: 5000.00
原始公积金基数: 5000.00

约束后社保基数: 5000.00
约束后医保基数: 5.00
约束后公积金基数: 5000.00
==================================================

2025-12-15 22:41:39 - 开始约束基数
员工: wrk
原始社保基数: 12000.00
原始医保基数: 12000.00
原始公积金基数: 12000.00

约束后社保基数: 12000.00
约束后医保基数: 5.00
约束后公积金基数: 12000.00
==================================================

2025-12-15 22:57:09 - 开始约束基数
员工: 张三
原始社保基数: 5000.00
原始医保基数: 5000.00
原始公积金基数: 5000.00

约束后社保基数: 5000.00
约束后医保基数: 5.00
约束后公积金基数: 5000.00
==================================================

2025-12-15 22:58:54 - 开始约束基数
员工: wrk
原始社保基数: 12000.00
原始医保基数: 12000.00
原始公积金基数: 12000.00

约束后社保基数: 12000.00
约束后医保基数: 5.00
约束后公积金基数: 12000.00
==================================================

2025-12-15 22:59:43 - 开始约束基数
员工: 张三
原始社保基数: 5000.00
原始医保基数: 5000.00
原始公积金基数: 5000.00

约束后社保基数: 5000.00
约束后医保基数: 5.00
约束后公积金基数: 5000.00
==================================================

2025-12-15 23:01:23 - 开始约束基数
员工: wrk
原始社保基数: 12000.00
原始医保基数: 12000.00
原始公积金基数: 12000.00

约束后社保基数: 12000.00
约束后医保基数: 5.00
约束后公积金基数: 12000.00
==================================================

2025-12-15 23:01:25 - 开始约束基数
员工: 张三
原始社保基数: 5000.00
原始医保基数: 5000.00
原始公积金基数: 5000.00

约束后社保基数: 5000.00
约束后医保基数: 5.00
约束后公积金基数: 5000.00
==================================================

2025-12-15 23:10:44 - 开始约束基数
员工: wrk
原始社保基数: 12000.00
原始医保基数: 12000.00
原始公积金基数: 12000.00

约束后社保基数: 12000.00
约束后医保基数: 5.00
约束后公积金基数: 12000.00
==================================================

2025-12-15 23:10:47 - 开始约束基数
员工: 张三
原始社保基数: 5000.00
原始医保基数: 5000.00
原始公积金基数: 5000.00

约束后社保基数: 5000.00
约束后医保基数: 5.00
约束后公积金基数: 5000.00
==================================================

2025-12-15 23:11:20 - 开始约束基数
员工: 张三
原始社保基数: 5000.00
原始医保基数: 5000.00
原始公积金基数: 5000.00

约束后社保基数: 5000.00
约束后医保基数: 5.00
约束后公积金基数: 5000.00
==================================================

2025-12-15 23:20:37 - 开始约束基数
员工: 张三
原始社保基数: 5000.00
原始医保基数: 5000.00
原始公积金基数: 5000.00

约束后社保基数: 5000.00
约束后医保基数: 5.00
约束后公积金基数: 5000.00
==================================================

2025-12-15 23:26:29 - 开始约束基数
员工: 张三
原始社保基数: 5000.00
原始医保基数: 5000.00
原始公积金基数: 5000.00

约束后社保基数: 5000.00
约束后医保基数: 5.00
约束后公积金基数: 5000.00
==================================================

2025-12-15 23:26:58 - 开始约束基数
员工: 张三
原始社保基数: 5000.00
原始医保基数: 5000.00
原始公积金基数: 5000.00

约束后社保基数: 5000.00
约束后医保基数: 5.00
约束后公积金基数: 5000.00
==================================================

2025-12-15 23:32:28 - 开始约束基数
员工: 张三
原始社保基数: 5000.00
原始医保基数: 5000.00
原始公积金基数: 5000.00

约束后社保基数: 5000.00
约束后医保基数: 5.00
约束后公积金基数: 5000.00
==================================================

2025-12-15 23:37:41 - 开始约束基数
员工: 张三
原始社保基数: 5000.00
原始医保基数: 5000.00
原始公积金基数: 5000.00

约束后社保基数: 5000.00
约束后医保基数: 5.00
约束后公积金基数: 5000.00
==================================================

2025-12-19 00:05:25 - 开始约束基数
员工: 张三
原始社保基数: 5000.00
原始医保基数: 5000.00
原始公积金基数: 5000.00

约束后社保基数: 5000.00
约束后医保基数: 5.00
约束后公积金基数: 5000.00
==================================================

2025-12-19 00:15:20 - 开始约束基数
员工: 张三
原始社保基数: 5000.00
原始医保基数: 5000.00
原始公积金基数: 5000.00

约束后社保基数: 5000.00
约束后医保基数: 5.00
约束后公积金基数: 5000.00
==================================================

2025-12-19 00:18:26 - 开始约束基数
员工: 张三
原始社保基数: 5000.00
原始医保基数: 5000.00
原始公积金基数: 5000.00

约束后社保基数: 5000.00
约束后医保基数: 5.00
约束后公积金基数: 5000.00
==================================================

2026-01-19 01:00:06 - 开始约束基数
员工: 测试员工
原始社保基数: 111.00
原始医保基数: 111.00
原始公积金基数: 111.00

约束后社保基数: 3000.00
约束后医保基数: 5.00
约束后公积金基数: 2200.00
==================================================

2025-12-19 01:13:26 - 开始约束基数
员工: 11
原始社保基数: 1111.00
原始医保基数: 11111.00
原始公积金基数: 111.00

约束后社保基数: 3000.00
约束后医保基数: 5.00
约束后公积金基数: 1000.00
==================================================

2025-12-19 01:15:11 - 开始约束基数
员工: 11
原始社保基数: 1111.00
原始医保基数: 11111.00
原始公积金基数: 111.00

约束后社保基数: 3000.00
约束后医保基数: 5.00
约束后公积金基数: 1000.00
==================================================

2025-12-19 01:26:15 - 开始约束基数
员工: 11
原始社保基数: 1111.00
原始医保基数: 11111.00
原始公积金基数: 111.00

约束后社保基数: 3000.00
约束后医保基数: 5.00
约束后公积金基数: 1000.00
==================================================

2025-12-19 01:29:05 - 开始约束基数
员工: 888
原始社保基数: 0
原始医保基数: 0
原始公积金基数: 0

约束后社保基数: 0
约束后医保基数: 0
约束后公积金基数: 0
==================================================

2025-12-19 01:37:59 - 开始约束基数
员工: 张三11
原始社保基数: 222.00
原始医保基数: 5000.00
原始公积金基数: 5000.00

约束后社保基数: 3000.00
约束后医保基数: 5.00
约束后公积金基数: 5000.00
==================================================

2025-12-19 09:59:37 - 开始约束基数
员工: 去1
原始社保基数: 5000.00
原始医保基数: 5000.00
原始公积金基数: 5000.00

约束后社保基数: 5000.00
约束后医保基数: 5.00
约束后公积金基数: 5000.00
==================================================

2025-12-19 14:50:55 - 开始约束基数
员工: 张三
原始社保基数: 5000.00
原始医保基数: 5000.00
原始公积金基数: 5000.00

约束后社保基数: 5000.00
约束后医保基数: 5.00
约束后公积金基数: 5000.00
==================================================

2025-12-19 19:39:06 - 开始约束基数
员工: 张三1
原始社保基数: 5000.00
原始医保基数: 5000.00
原始公积金基数: 5000.00

约束后社保基数: 5000.00
约束后医保基数: 5.00
约束后公积金基数: 5000.00
==================================================

2026-03-19 19:43:24 - 开始约束基数
员工: 张三1
原始社保基数: 5000.00
原始医保基数: 5000.00
原始公积金基数: 5000.00

约束后社保基数: 5000.00
约束后医保基数: 5.00
约束后公积金基数: 5000.00
==================================================

2026-03-19 19:59:49 - 开始约束基数
员工: 张三12
原始社保基数: 5000.00
原始医保基数: 5000.00
原始公积金基数: 5000.00

约束后社保基数: 5000.00
约束后医保基数: 5.00
约束后公积金基数: 5000.00
==================================================

2025-12-19 20:05:00 - 开始约束基数
员工: 抢券
原始社保基数: 5000.00
原始医保基数: 5000.00
原始公积金基数: 5000.00

约束后社保基数: 5000.00
约束后医保基数: 5.00
约束后公积金基数: 5000.00
==================================================

2025-12-19 20:08:41 - 开始约束基数
员工: 1
原始社保基数: 5000.00
原始医保基数: 5000.00
原始公积金基数: 5000.00

约束后社保基数: 5000.00
约束后医保基数: 5.00
约束后公积金基数: 5000.00
==================================================

2026-02-19 20:12:47 - 开始约束基数
员工: 2
原始社保基数: 5000.00
原始医保基数: 5000.00
原始公积金基数: 5000.00

约束后社保基数: 5000.00
约束后医保基数: 5.00
约束后公积金基数: 5000.00
==================================================

2026-02-19 20:18:02 - 开始约束基数
员工: 2
原始社保基数: 5000.00
原始医保基数: 5000.00
原始公积金基数: 5000.00

约束后社保基数: 5000.00
约束后医保基数: 5.00
约束后公积金基数: 5000.00
==================================================

2026-02-19 20:23:28 - 开始约束基数
员工: 张三
原始社保基数: 5000.00
原始医保基数: 5000.00
原始公积金基数: 5000.00

约束后社保基数: 5000.00
约束后医保基数: 5.00
约束后公积金基数: 5000.00
==================================================

2026-04-19 20:24:55 - 开始约束基数
员工: 张三
原始社保基数: 5000.00
原始医保基数: 5000.00
原始公积金基数: 5000.00

约束后社保基数: 5000.00
约束后医保基数: 5.00
约束后公积金基数: 5000.00
==================================================

2026-01-01 19:59:58 - 开始约束基数
员工: 张三
原始社保基数: 5000.00
原始医保基数: 5000.00
原始公积金基数: 5000.00

约束后社保基数: 5000.00
约束后医保基数: 5.00
约束后公积金基数: 3000.00
==================================================

2026-01-01 20:12:08 - 开始约束基数
员工: 张三
原始社保基数: 5000.00
原始医保基数: 5000.00
原始公积金基数: 5000.00

约束后社保基数: 5000.00
约束后医保基数: 5.00
约束后公积金基数: 3000.00
==================================================

2026-01-01 20:20:49 - 开始约束基数
员工: 张三
原始社保基数: 5000.00
原始医保基数: 5000.00
原始公积金基数: 5000.00

约束后社保基数: 5000.00
约束后医保基数: 5.00
约束后公积金基数: 3000.00
==================================================

2026-01-01 20:23:41 - 开始约束基数
员工: 张三
原始社保基数: 5000.00
原始医保基数: 5000.00
原始公积金基数: 5000.00

约束后社保基数: 5000.00
约束后医保基数: 5.00
约束后公积金基数: 3000.00
==================================================

2026-01-01 20:27:06 - 开始约束基数
员工: 张三
原始社保基数: 5000.00
原始医保基数: 5000.00
原始公积金基数: 5000.00

约束后社保基数: 5000.00
约束后医保基数: 5.00
约束后公积金基数: 3000.00
==================================================

2026-01-01 20:28:06 - 开始约束基数
员工: 张三
原始社保基数: 5000.00
原始医保基数: 5000.00
原始公积金基数: 5000.00

约束后社保基数: 5000.00
约束后医保基数: 5.00
约束后公积金基数: 3001.00
==================================================

2026-01-01 20:39:27 - 开始约束基数
员工: 张三
原始社保基数: 5000.00
原始医保基数: 5000.00
原始公积金基数: 5000.00

约束后社保基数: 5000.00
约束后医保基数: 5.00
约束后公积金基数: 3001.00
==================================================

2026-01-01 22:32:42 - 开始约束基数
员工: 张三
原始社保基数: 5000.00
原始医保基数: 5000.00
原始公积金基数: 5000.00

约束后社保基数: 5000.00
约束后医保基数: 5.00
约束后公积金基数: 3007.00
==================================================

2026-01-01 22:45:31 - 开始约束基数
员工: 张三
原始社保基数: 5000.00
原始医保基数: 5000.00
原始公积金基数: 5000.00

约束后社保基数: 5000.00
约束后医保基数: 5.00
约束后公积金基数: 3008.00
==================================================

2026-01-01 22:51:14 - 开始约束基数
员工: 张三
原始社保基数: 5000.00
原始医保基数: 5000.00
原始公积金基数: 5000.00

约束后社保基数: 5000.00
约束后医保基数: 5.00
约束后公积金基数: 3008.00
==================================================

2026-01-11 22:56:08 - 开始约束基数
员工: 张三
原始社保基数: 5000.00
原始医保基数: 5000.00
原始公积金基数: 5000.00

约束后社保基数: 5000.00
约束后医保基数: 5.00
约束后公积金基数: 3008.00
==================================================

2026-01-11 22:56:25 - 开始约束基数
员工: 张三
原始社保基数: 5000.00
原始医保基数: 5000.00
原始公积金基数: 5000.00

约束后社保基数: 5000.00
约束后医保基数: 5.00
约束后公积金基数: 3009.00
==================================================

2026-01-11 23:43:39 - 开始约束基数
员工: 张三
原始社保基数: 5000.00
原始医保基数: 5000.00
原始公积金基数: 5000.00

约束后社保基数: 5000.00
约束后医保基数: 5.00
约束后公积金基数: 3009.00
==================================================

2026-01-11 23:45:27 - 开始约束基数
员工: 张三
原始社保基数: 5000.00
原始医保基数: 5000.00
原始公积金基数: 5000.00

约束后社保基数: 5000.00
约束后医保基数: 5.00
约束后公积金基数: 3009.00
==================================================

2026-01-29 17:21:53 - 开始约束基数
员工: 王下和
原始社保基数: 5000.00
原始医保基数: 5000.00
原始公积金基数: 5000.00

约束后社保基数: 5000.00
约束后医保基数: 5.00
约束后公积金基数: 5000.00
==================================================

2026-01-29 18:08:33 - 开始约束基数
员工: 王下和
原始社保基数: 5000.00
原始医保基数: 5000.00
原始公积金基数: 5000.00

约束后社保基数: 5000.00
约束后医保基数: 5.00
约束后公积金基数: 5000.00
==================================================

2026-05-01 03:18:44 - 开始约束基数
员工: API????0430205854
原始社保基数: 4612.12
原始医保基数: 1236.56
原始公积金基数: 2001.00

约束后社保基数: 4869.00
约束后医保基数: 6546.00
约束后公积金基数: 2383.00
==================================================

2026-05-01 03:19:26 - 开始约束基数
员工: API????0430205854
原始社保基数: 8000.00
原始医保基数: 7000.00
原始公积金基数: 6000.00

约束后社保基数: 8000.00
约束后医保基数: 7000.00
约束后公积金基数: 6000.00
==================================================

2026-05-01 03:20:39 - 开始约束基数
员工: API????0430205854
原始社保基数: 5000.00
原始医保基数: 5000.00
原始公积金基数: 5000.00

约束后社保基数: 5000.00
约束后医保基数: 6546.00
约束后公积金基数: 5000.00
==================================================

2026-05-01 03:21:58 - 开始约束基数
员工: API????0430205854
原始社保基数: 9000.00
原始医保基数: 9100.00
原始公积金基数: 9200.00

约束后社保基数: 9000.00
约束后医保基数: 9100.00
约束后公积金基数: 9200.00
==================================================

2026-05-01 03:37:07 - 开始约束基数
员工: API????0430205854
原始社保基数: 3000.00
原始医保基数: 3000.00
原始公积金基数: 3000.00

约束后社保基数: 4869.00
约束后医保基数: 6546.00
约束后公积金基数: 3000.00
==================================================

2026-05-01 03:39:36 - 开始约束基数
员工: API????0430205854
原始社保基数: 9000.00
原始医保基数: 9100.00
原始公积金基数: 9200.00

约束后社保基数: 9000.00
约束后医保基数: 9100.00
约束后公积金基数: 9200.00
==================================================

2026-05-01 09:48:41 - 开始约束基数
员工: 张三
原始社保基数: 1234.00
原始医保基数: 1234.00
原始公积金基数: 1234.00

约束后社保基数: 1234.00
约束后医保基数: 52.00
约束后公积金基数: 2222.00
==================================================

2026-05-02 15:19:41 - 开始约束基数
员工: 张三1饿
原始社保基数: 5000.00
原始医保基数: 5000.00
原始公积金基数: 5000.00

约束后社保基数: 6000.00
约束后医保基数: 70.00
约束后公积金基数: 5000.00
==================================================

2026-05-02 15:26:59 - 开始约束基数
员工: 张三1饿
原始社保基数: 5000.00
原始医保基数: 5000.00
原始公积金基数: 5000.00

约束后社保基数: 6000.00
约束后医保基数: 70.00
约束后公积金基数: 5000.00
==================================================

2026-05-02 15:47:49 - 开始约束基数
员工: 张三1饿
原始社保基数: 5000.00
原始医保基数: 5000.00
原始公积金基数: 5000.00

约束后社保基数: 6000.00
约束后医保基数: 70.00
约束后公积金基数: 5000.00
==================================================

2026-05-02 15:49:19 - 开始约束基数
员工: 张三1饿
原始社保基数: 5000.00
原始医保基数: 5000.00
原始公积金基数: 5000.00

约束后社保基数: 6000.00
约束后医保基数: 70.00
约束后公积金基数: 5000.00
==================================================

2026-05-02 15:53:53 - 开始约束基数
员工: 张三1饿
原始社保基数: 5000.00
原始医保基数: 5000.00
原始公积金基数: 5000.00

约束后社保基数: 6000.00
约束后医保基数: 70.00
约束后公积金基数: 5000.00
==================================================

2026-05-02 17:41:01 - 开始约束基数
员工: 张三1饿
原始社保基数: 5020.00
原始医保基数: 5000.00
原始公积金基数: 5000.00

约束后社保基数: 6000.00
约束后医保基数: 70.00
约束后公积金基数: 5000.00
==================================================

2026-05-02 19:07:06 - 开始约束基数
员工: testname
原始社保基数: 6000.00
原始医保基数: 7000.00
原始公积金基数: 6500.00

约束后社保基数: 6000.00
约束后医保基数: 70.00
约束后公积金基数: 6500.00
==================================================

2026-05-07 10:38:23 - 开始约束基数
员工: 31231
原始社保基数: 3000.00
原始医保基数: 3000.00
原始公积金基数: 3000.00

约束后社保基数: 3000.00
约束后医保基数: 3000.00
约束后公积金基数: 3000.00
==================================================

2026-05-07 10:40:31 - 开始约束基数
员工: 31231
原始社保基数: 3000.00
原始医保基数: 3000.00
原始公积金基数: 3000.00

约束后社保基数: 3000.00
约束后医保基数: 3000.00
约束后公积金基数: 3000.00
==================================================

2026-05-07 10:42:51 - 开始约束基数
员工: 31231
原始社保基数: 3000.00
原始医保基数: 3000.00
原始公积金基数: 3000.00

约束后社保基数: 3000.00
约束后医保基数: 3000.00
约束后公积金基数: 3000.00
==================================================

2026-05-11 10:28:45 - 开始约束基数
员工: wrk1
原始社保基数: 3000.00
原始医保基数: 3000.00
原始公积金基数: 3000.00

约束后社保基数: 4000.00
约束后医保基数: 3000.00
约束后公积金基数: 4000.00
==================================================

2026-05-11 10:28:57 - 开始约束基数
员工: wrk
原始社保基数: 3000.00
原始医保基数: 3000.00
原始公积金基数: 3000.00

约束后社保基数: 4000.00
约束后医保基数: 3000.00
约束后公积金基数: 4000.00
==================================================

2026-05-11 10:30:07 - 开始约束基数
员工: 张三
原始社保基数: 5000.00
原始医保基数: 5000.00
原始公积金基数: 5000.00

约束后社保基数: 5000.00
约束后医保基数: 5000.00
约束后公积金基数: 5000.00
==================================================

2026-06-02 15:07:00 - 开始约束基数
员工: 张三
原始社保基数: 5000.00
原始医保基数: 6000.00
原始公积金基数: 5000.00

约束后社保基数: 5000.00
约束后医保基数: 70.00
约束后公积金基数: 5000.00
==================================================

2026-06-02 15:07:00 - 开始约束基数
员工: 张三问问
原始社保基数: 6000.00
原始医保基数: 5500.00
原始公积金基数: 5000.00

约束后社保基数: 6000.00
约束后医保基数: 70.00
约束后公积金基数: 5000.00
==================================================

2026-06-02 15:07:01 - 开始约束基数
员工: testname
原始社保基数: 6000.00
原始医保基数: 7000.00
原始公积金基数: 6500.00

约束后社保基数: 6000.00
约束后医保基数: 70.00
约束后公积金基数: 6500.00
==================================================

2026-06-02 15:07:01 - 开始约束基数
员工: API????0430205854
原始社保基数: 4612.12
原始医保基数: 1236.56
原始公积金基数: 2001.00

约束后社保基数: 4869.00
约束后医保基数: 6546.00
约束后公积金基数: 2383.00
==================================================

2026-06-02 15:07:01 - 开始约束基数
员工: 31231
原始社保基数: 3000.00
原始医保基数: 3000.00
原始公积金基数: 3000.00

约束后社保基数: 3000.00
约束后医保基数: 3000.00
约束后公积金基数: 3000.00
==================================================

2026-06-02 15:07:02 - 开始约束基数
员工: wrk1
原始社保基数: 3000.00
原始医保基数: 3000.00
原始公积金基数: 3000.00

约束后社保基数: 4000.00
约束后医保基数: 3000.00
约束后公积金基数: 4000.00
==================================================

2026-06-02 15:07:02 - 开始约束基数
员工: 张三
原始社保基数: 5000.00
原始医保基数: 5000.00
原始公积金基数: 5000.00

约束后社保基数: 5000.00
约束后医保基数: 5000.00
约束后公积金基数: 5000.00
==================================================

2026-06-02 15:08:42 - 开始约束基数
员工: 张三
原始社保基数: 5000.00
原始医保基数: 6000.00
原始公积金基数: 5000.00

约束后社保基数: 5000.00
约束后医保基数: 70.00
约束后公积金基数: 5000.00
==================================================

2026-06-02 15:08:42 - 开始约束基数
员工: 张三问问
原始社保基数: 6000.00
原始医保基数: 5500.00
原始公积金基数: 5000.00

约束后社保基数: 6000.00
约束后医保基数: 70.00
约束后公积金基数: 5000.00
==================================================

2026-06-02 15:08:43 - 开始约束基数
员工: testname
原始社保基数: 6000.00
原始医保基数: 7000.00
原始公积金基数: 6500.00

约束后社保基数: 6000.00
约束后医保基数: 70.00
约束后公积金基数: 6500.00
==================================================

2026-06-02 15:08:43 - 开始约束基数
员工: API????0430205854
原始社保基数: 4612.12
原始医保基数: 1236.56
原始公积金基数: 2001.00

约束后社保基数: 4869.00
约束后医保基数: 6546.00
约束后公积金基数: 2383.00
==================================================

2026-06-02 15:08:43 - 开始约束基数
员工: 31231
原始社保基数: 3000.00
原始医保基数: 3000.00
原始公积金基数: 3000.00

约束后社保基数: 3000.00
约束后医保基数: 3000.00
约束后公积金基数: 3000.00
==================================================

2026-06-02 15:08:44 - 开始约束基数
员工: wrk1
原始社保基数: 3000.00
原始医保基数: 3000.00
原始公积金基数: 3000.00

约束后社保基数: 4000.00
约束后医保基数: 3000.00
约束后公积金基数: 4000.00
==================================================

2026-06-02 15:08:44 - 开始约束基数
员工: 张三
原始社保基数: 5000.00
原始医保基数: 5000.00
原始公积金基数: 5000.00

约束后社保基数: 5000.00
约束后医保基数: 5000.00
约束后公积金基数: 5000.00
==================================================

2026-06-02 15:08:52 - 开始约束基数
员工: 张三
原始社保基数: 5000.00
原始医保基数: 6000.00
原始公积金基数: 5000.00

约束后社保基数: 5000.00
约束后医保基数: 70.00
约束后公积金基数: 5000.00
==================================================

2026-06-02 15:08:53 - 开始约束基数
员工: 张三问问
原始社保基数: 6000.00
原始医保基数: 5500.00
原始公积金基数: 5000.00

约束后社保基数: 6000.00
约束后医保基数: 70.00
约束后公积金基数: 5000.00
==================================================

2026-06-02 15:08:53 - 开始约束基数
员工: testname
原始社保基数: 6000.00
原始医保基数: 7000.00
原始公积金基数: 6500.00

约束后社保基数: 6000.00
约束后医保基数: 70.00
约束后公积金基数: 6500.00
==================================================

2026-06-02 15:08:53 - 开始约束基数
员工: API????0430205854
原始社保基数: 4612.12
原始医保基数: 1236.56
原始公积金基数: 2001.00

约束后社保基数: 4869.00
约束后医保基数: 6546.00
约束后公积金基数: 2383.00
==================================================

2026-06-02 15:08:53 - 开始约束基数
员工: 31231
原始社保基数: 3000.00
原始医保基数: 3000.00
原始公积金基数: 3000.00

约束后社保基数: 3000.00
约束后医保基数: 3000.00
约束后公积金基数: 3000.00
==================================================

2026-06-02 15:08:54 - 开始约束基数
员工: wrk1
原始社保基数: 3000.00
原始医保基数: 3000.00
原始公积金基数: 3000.00

约束后社保基数: 4000.00
约束后医保基数: 3000.00
约束后公积金基数: 4000.00
==================================================

2026-06-02 15:08:54 - 开始约束基数
员工: 张三
原始社保基数: 5000.00
原始医保基数: 5000.00
原始公积金基数: 5000.00

约束后社保基数: 5000.00
约束后医保基数: 5000.00
约束后公积金基数: 5000.00
==================================================

2026-06-10 19:26:42 - 开始约束基数
员工: 31231
原始社保基数: 3000.00
原始医保基数: 3000.00
原始公积金基数: 3000.00

约束后社保基数: 3000.00
约束后医保基数: 3000.00
约束后公积金基数: 3000.00
==================================================

2026-06-10 19:27:10 - 开始约束基数
员工: 31231
原始社保基数: 3000.00
原始医保基数: 3000.00
原始公积金基数: 3000.00

约束后社保基数: 3000.00
约束后医保基数: 3000.00
约束后公积金基数: 3000.00
==================================================

2026-06-10 19:27:18 - 开始约束基数
员工: 31231
原始社保基数: 3000.00
原始医保基数: 3000.00
原始公积金基数: 3000.00

约束后社保基数: 3000.00
约束后医保基数: 3000.00
约束后公积金基数: 3000.00
==================================================

2026-06-10 19:27:57 - 开始约束基数
员工: 31231
原始社保基数: 3000.00
原始医保基数: 3000.00
原始公积金基数: 3000.00

约束后社保基数: 3000.00
约束后医保基数: 3000.00
约束后公积金基数: 3000.00
==================================================

2026-06-10 19:28:21 - 开始约束基数
员工: 31231
原始社保基数: 3000.00
原始医保基数: 3000.00
原始公积金基数: 3000.00

约束后社保基数: 3000.00
约束后医保基数: 3000.00
约束后公积金基数: 3000.00
==================================================

2026-06-17 17:05:45 - 开始约束基数
员工: 张三
原始社保基数: 5000.00
原始医保基数: 6000.00
原始公积金基数: 5000.00

约束后社保基数: 5000.00
约束后医保基数: 70.00
约束后公积金基数: 5000.00
==================================================

2026-06-17 17:05:45 - 开始约束基数
员工: 张三问问
原始社保基数: 6000.00
原始医保基数: 5500.00
原始公积金基数: 5000.00

约束后社保基数: 6000.00
约束后医保基数: 70.00
约束后公积金基数: 5000.00
==================================================

2026-06-17 17:05:45 - 开始约束基数
员工: testname
原始社保基数: 6000.00
原始医保基数: 7000.00
原始公积金基数: 6500.00

约束后社保基数: 6000.00
约束后医保基数: 70.00
约束后公积金基数: 6500.00
==================================================

2026-06-17 17:05:45 - 开始约束基数
员工: API????0430205854
原始社保基数: 4612.12
原始医保基数: 1236.56
原始公积金基数: 2001.00

约束后社保基数: 4869.00
约束后医保基数: 6546.00
约束后公积金基数: 2383.00
==================================================

2026-06-17 17:05:46 - 开始约束基数
员工: 31231
原始社保基数: 3000.00
原始医保基数: 3000.00
原始公积金基数: 3000.00

约束后社保基数: 3000.00
约束后医保基数: 3000.00
约束后公积金基数: 3000.00
==================================================

2026-06-17 17:05:46 - 开始约束基数
员工: wrk1
原始社保基数: 3000.00
原始医保基数: 3000.00
原始公积金基数: 3000.00

约束后社保基数: 4000.00
约束后医保基数: 3000.00
约束后公积金基数: 4000.00
==================================================

2026-06-17 17:05:47 - 开始约束基数
员工: 张三
原始社保基数: 5000.00
原始医保基数: 5000.00
原始公积金基数: 5000.00

约束后社保基数: 5000.00
约束后医保基数: 5000.00
约束后公积金基数: 5000.00
==================================================

2026-06-17 17:07:09 - 开始约束基数
员工: 张三
原始社保基数: 5000.00
原始医保基数: 6000.00
原始公积金基数: 5000.00

约束后社保基数: 5000.00
约束后医保基数: 70.00
约束后公积金基数: 5000.00
==================================================

2026-06-17 17:07:09 - 开始约束基数
员工: 张三问问
原始社保基数: 6000.00
原始医保基数: 5500.00
原始公积金基数: 5000.00

约束后社保基数: 6000.00
约束后医保基数: 70.00
约束后公积金基数: 5000.00
==================================================

2026-06-17 17:07:10 - 开始约束基数
员工: testname
原始社保基数: 6000.00
原始医保基数: 7000.00
原始公积金基数: 6500.00

约束后社保基数: 6000.00
约束后医保基数: 70.00
约束后公积金基数: 6500.00
==================================================

2026-06-17 17:07:10 - 开始约束基数
员工: API????0430205854
原始社保基数: 4612.12
原始医保基数: 1236.56
原始公积金基数: 2001.00

约束后社保基数: 4869.00
约束后医保基数: 6546.00
约束后公积金基数: 2383.00
==================================================

2026-06-17 17:07:10 - 开始约束基数
员工: 31231
原始社保基数: 3000.00
原始医保基数: 3000.00
原始公积金基数: 3000.00

约束后社保基数: 3000.00
约束后医保基数: 3000.00
约束后公积金基数: 3000.00
==================================================

2026-06-17 17:07:11 - 开始约束基数
员工: wrk1
原始社保基数: 3000.00
原始医保基数: 3000.00
原始公积金基数: 3000.00

约束后社保基数: 4000.00
约束后医保基数: 3000.00
约束后公积金基数: 4000.00
==================================================

2026-06-17 17:07:11 - 开始约束基数
员工: 张三
原始社保基数: 5000.00
原始医保基数: 5000.00
原始公积金基数: 5000.00

约束后社保基数: 5000.00
约束后医保基数: 5000.00
约束后公积金基数: 5000.00
==================================================

2026-06-17 17:09:34 - 开始约束基数
员工: 张三
原始社保基数: 5000.00
原始医保基数: 6000.00
原始公积金基数: 5000.00

约束后社保基数: 5000.00
约束后医保基数: 70.00
约束后公积金基数: 5000.00
==================================================

2026-06-17 17:09:35 - 开始约束基数
员工: 张三问问
原始社保基数: 6000.00
原始医保基数: 5500.00
原始公积金基数: 5000.00

约束后社保基数: 6000.00
约束后医保基数: 70.00
约束后公积金基数: 5000.00
==================================================

2026-06-17 17:09:35 - 开始约束基数
员工: testname
原始社保基数: 6000.00
原始医保基数: 7000.00
原始公积金基数: 6500.00

约束后社保基数: 6000.00
约束后医保基数: 70.00
约束后公积金基数: 6500.00
==================================================

2026-06-17 17:09:35 - 开始约束基数
员工: API????0430205854
原始社保基数: 4612.12
原始医保基数: 1236.56
原始公积金基数: 2001.00

约束后社保基数: 4869.00
约束后医保基数: 6546.00
约束后公积金基数: 2383.00
==================================================

2026-06-17 17:09:36 - 开始约束基数
员工: 31231
原始社保基数: 3000.00
原始医保基数: 3000.00
原始公积金基数: 3000.00

约束后社保基数: 3000.00
约束后医保基数: 3000.00
约束后公积金基数: 3000.00
==================================================

2026-06-17 17:09:36 - 开始约束基数
员工: wrk1
原始社保基数: 3000.00
原始医保基数: 3000.00
原始公积金基数: 3000.00

约束后社保基数: 4000.00
约束后医保基数: 3000.00
约束后公积金基数: 4000.00
==================================================

2026-06-17 17:09:36 - 开始约束基数
员工: 张三
原始社保基数: 5000.00
原始医保基数: 5000.00
原始公积金基数: 5000.00

约束后社保基数: 5000.00
约束后医保基数: 5000.00
约束后公积金基数: 5000.00
==================================================

2026-06-17 17:11:17 - 开始约束基数
员工: 张三
原始社保基数: 5000.00
原始医保基数: 6000.00
原始公积金基数: 5000.00

约束后社保基数: 5000.00
约束后医保基数: 70.00
约束后公积金基数: 5000.00
==================================================

2026-06-17 17:11:18 - 开始约束基数
员工: 张三问问
原始社保基数: 6000.00
原始医保基数: 5500.00
原始公积金基数: 5000.00

约束后社保基数: 6000.00
约束后医保基数: 70.00
约束后公积金基数: 5000.00
==================================================

2026-06-17 17:11:18 - 开始约束基数
员工: testname
原始社保基数: 6000.00
原始医保基数: 7000.00
原始公积金基数: 6500.00

约束后社保基数: 6000.00
约束后医保基数: 70.00
约束后公积金基数: 6500.00
==================================================

2026-06-17 17:11:18 - 开始约束基数
员工: API????0430205854
原始社保基数: 4612.12
原始医保基数: 1236.56
原始公积金基数: 2001.00

约束后社保基数: 4869.00
约束后医保基数: 6546.00
约束后公积金基数: 2383.00
==================================================

2026-06-17 17:11:19 - 开始约束基数
员工: 31231
原始社保基数: 3000.00
原始医保基数: 3000.00
原始公积金基数: 3000.00

约束后社保基数: 3000.00
约束后医保基数: 3000.00
约束后公积金基数: 3000.00
==================================================

2026-06-17 17:11:19 - 开始约束基数
员工: wrk1
原始社保基数: 3000.00
原始医保基数: 3000.00
原始公积金基数: 3000.00

约束后社保基数: 4000.00
约束后医保基数: 3000.00
约束后公积金基数: 4000.00
==================================================

2026-06-17 17:11:19 - 开始约束基数
员工: 张三
原始社保基数: 5000.00
原始医保基数: 5000.00
原始公积金基数: 5000.00

约束后社保基数: 5000.00
约束后医保基数: 5000.00
约束后公积金基数: 5000.00
==================================================

2026-06-17 17:13:13 - 开始约束基数
员工: 张三
原始社保基数: 5000.00
原始医保基数: 6000.00
原始公积金基数: 5000.00

约束后社保基数: 5000.00
约束后医保基数: 70.00
约束后公积金基数: 5000.00
==================================================

2026-06-17 17:13:13 - 开始约束基数
员工: 张三问问
原始社保基数: 6000.00
原始医保基数: 5500.00
原始公积金基数: 5000.00

约束后社保基数: 6000.00
约束后医保基数: 70.00
约束后公积金基数: 5000.00
==================================================

2026-06-17 17:13:13 - 开始约束基数
员工: testname
原始社保基数: 6000.00
原始医保基数: 7000.00
原始公积金基数: 6500.00

约束后社保基数: 6000.00
约束后医保基数: 70.00
约束后公积金基数: 6500.00
==================================================

2026-06-17 17:13:13 - 开始约束基数
员工: API????0430205854
原始社保基数: 4612.12
原始医保基数: 1236.56
原始公积金基数: 2001.00

约束后社保基数: 4869.00
约束后医保基数: 6546.00
约束后公积金基数: 2383.00
==================================================

2026-06-17 17:13:14 - 开始约束基数
员工: 31231
原始社保基数: 3000.00
原始医保基数: 3000.00
原始公积金基数: 3000.00

约束后社保基数: 3000.00
约束后医保基数: 3000.00
约束后公积金基数: 3000.00
==================================================

2026-06-17 17:13:14 - 开始约束基数
员工: wrk1
原始社保基数: 3000.00
原始医保基数: 3000.00
原始公积金基数: 3000.00

约束后社保基数: 4000.00
约束后医保基数: 3000.00
约束后公积金基数: 4000.00
==================================================

2026-06-17 17:13:15 - 开始约束基数
员工: 张三
原始社保基数: 5000.00
原始医保基数: 5000.00
原始公积金基数: 5000.00

约束后社保基数: 5000.00
约束后医保基数: 5000.00
约束后公积金基数: 5000.00
==================================================

2026-06-17 17:26:41 - 开始约束基数
员工: 张三
原始社保基数: 5000.00
原始医保基数: 6000.00
原始公积金基数: 5000.00

约束后社保基数: 5000.00
约束后医保基数: 70.00
约束后公积金基数: 5000.00
==================================================

2026-06-17 17:26:43 - 开始约束基数
员工: 张三问问
原始社保基数: 6000.00
原始医保基数: 5500.00
原始公积金基数: 5000.00

约束后社保基数: 6000.00
约束后医保基数: 70.00
约束后公积金基数: 5000.00
==================================================

2026-06-17 17:26:44 - 开始约束基数
员工: testname
原始社保基数: 6000.00
原始医保基数: 7000.00
原始公积金基数: 6500.00

约束后社保基数: 6000.00
约束后医保基数: 70.00
约束后公积金基数: 6500.00
==================================================

2026-06-17 17:26:44 - 开始约束基数
员工: API????0430205854
原始社保基数: 4612.12
原始医保基数: 1236.56
原始公积金基数: 2001.00

约束后社保基数: 4869.00
约束后医保基数: 6546.00
约束后公积金基数: 2383.00
==================================================

2026-06-17 17:26:45 - 开始约束基数
员工: 31231
原始社保基数: 3000.00
原始医保基数: 3000.00
原始公积金基数: 3000.00

约束后社保基数: 3000.00
约束后医保基数: 3000.00
约束后公积金基数: 3000.00
==================================================

2026-06-17 17:26:45 - 开始约束基数
员工: wrk1
原始社保基数: 3000.00
原始医保基数: 3000.00
原始公积金基数: 3000.00

约束后社保基数: 4000.00
约束后医保基数: 3000.00
约束后公积金基数: 4000.00
==================================================

2026-06-17 17:26:45 - 开始约束基数
员工: 张三
原始社保基数: 5000.00
原始医保基数: 5000.00
原始公积金基数: 5000.00

约束后社保基数: 5000.00
约束后医保基数: 5000.00
约束后公积金基数: 5000.00
==================================================

2026-06-30 17:18:34 - 开始约束基数
员工: 张三
原始社保基数: 5000.00
原始医保基数: 6000.00
原始公积金基数: 5000.00

约束后社保基数: 5000.00
约束后医保基数: 70.00
约束后公积金基数: 5000.00
==================================================

2026-06-30 17:18:34 - 开始约束基数
员工: 张三问问
原始社保基数: 6000.00
原始医保基数: 5500.00
原始公积金基数: 5000.00

约束后社保基数: 6000.00
约束后医保基数: 70.00
约束后公积金基数: 5000.00
==================================================

2026-06-30 17:18:34 - 开始约束基数
员工: testname
原始社保基数: 6000.00
原始医保基数: 7000.00
原始公积金基数: 6500.00

约束后社保基数: 6000.00
约束后医保基数: 70.00
约束后公积金基数: 6500.00
==================================================

2026-06-30 17:18:35 - 开始约束基数
员工: API????0430205854
原始社保基数: 4612.12
原始医保基数: 1236.56
原始公积金基数: 2001.00

约束后社保基数: 4869.00
约束后医保基数: 6546.00
约束后公积金基数: 2383.00
==================================================

2026-06-30 17:18:35 - 开始约束基数
员工: 31231
原始社保基数: 3000.00
原始医保基数: 3000.00
原始公积金基数: 3000.00

约束后社保基数: 3000.00
约束后医保基数: 3000.00
约束后公积金基数: 3000.00
==================================================

2026-06-30 17:18:35 - 开始约束基数
员工: wrk1
原始社保基数: 3000.00
原始医保基数: 3000.00
原始公积金基数: 3000.00

约束后社保基数: 4000.00
约束后医保基数: 3000.00
约束后公积金基数: 4000.00
==================================================

2026-06-30 17:18:36 - 开始约束基数
员工: 张三
原始社保基数: 5000.00
原始医保基数: 5000.00
原始公积金基数: 5000.00

约束后社保基数: 5000.00
约束后医保基数: 5000.00
约束后公积金基数: 5000.00
==================================================

2026-06-30 17:18:42 - 开始约束基数
员工: 张三
原始社保基数: 5000.00
原始医保基数: 6000.00
原始公积金基数: 5000.00

约束后社保基数: 5000.00
约束后医保基数: 70.00
约束后公积金基数: 5000.00
==================================================

2026-06-30 17:18:42 - 开始约束基数
员工: 张三问问
原始社保基数: 6000.00
原始医保基数: 5500.00
原始公积金基数: 5000.00

约束后社保基数: 6000.00
约束后医保基数: 70.00
约束后公积金基数: 5000.00
==================================================

2026-06-30 17:18:42 - 开始约束基数
员工: testname
原始社保基数: 6000.00
原始医保基数: 7000.00
原始公积金基数: 6500.00

约束后社保基数: 6000.00
约束后医保基数: 70.00
约束后公积金基数: 6500.00
==================================================

2026-06-30 17:18:43 - 开始约束基数
员工: API????0430205854
原始社保基数: 4612.12
原始医保基数: 1236.56
原始公积金基数: 2001.00

约束后社保基数: 4869.00
约束后医保基数: 6546.00
约束后公积金基数: 2383.00
==================================================

2026-06-30 17:18:43 - 开始约束基数
员工: 31231
原始社保基数: 3000.00
原始医保基数: 3000.00
原始公积金基数: 3000.00

约束后社保基数: 3000.00
约束后医保基数: 3000.00
约束后公积金基数: 3000.00
==================================================

2026-06-30 17:18:43 - 开始约束基数
员工: wrk1
原始社保基数: 3000.00
原始医保基数: 3000.00
原始公积金基数: 3000.00

约束后社保基数: 4000.00
约束后医保基数: 3000.00
约束后公积金基数: 4000.00
==================================================

2026-06-30 17:18:44 - 开始约束基数
员工: 张三
原始社保基数: 5000.00
原始医保基数: 5000.00
原始公积金基数: 5000.00

约束后社保基数: 5000.00
约束后医保基数: 5000.00
约束后公积金基数: 5000.00
==================================================

2026-06-30 17:19:35 - 开始约束基数
员工: 张三
原始社保基数: 5000.00
原始医保基数: 6000.00
原始公积金基数: 5000.00

约束后社保基数: 5000.00
约束后医保基数: 70.00
约束后公积金基数: 5000.00
==================================================

2026-06-30 17:19:35 - 开始约束基数
员工: 张三问问
原始社保基数: 6000.00
原始医保基数: 5500.00
原始公积金基数: 5000.00

约束后社保基数: 6000.00
约束后医保基数: 70.00
约束后公积金基数: 5000.00
==================================================

2026-06-30 17:19:35 - 开始约束基数
员工: testname
原始社保基数: 6000.00
原始医保基数: 7000.00
原始公积金基数: 6500.00

约束后社保基数: 6000.00
约束后医保基数: 70.00
约束后公积金基数: 6500.00
==================================================

2026-06-30 17:19:36 - 开始约束基数
员工: API????0430205854
原始社保基数: 4612.12
原始医保基数: 1236.56
原始公积金基数: 2001.00

约束后社保基数: 4869.00
约束后医保基数: 6546.00
约束后公积金基数: 2383.00
==================================================

2026-06-30 17:19:36 - 开始约束基数
员工: 31231
原始社保基数: 3000.00
原始医保基数: 3000.00
原始公积金基数: 3000.00

约束后社保基数: 3000.00
约束后医保基数: 3000.00
约束后公积金基数: 3000.00
==================================================

2026-06-30 17:19:37 - 开始约束基数
员工: wrk1
原始社保基数: 3000.00
原始医保基数: 3000.00
原始公积金基数: 3000.00

约束后社保基数: 4000.00
约束后医保基数: 3000.00
约束后公积金基数: 4000.00
==================================================

2026-06-30 17:19:37 - 开始约束基数
员工: 张三
原始社保基数: 5000.00
原始医保基数: 5000.00
原始公积金基数: 5000.00

约束后社保基数: 5000.00
约束后医保基数: 5000.00
约束后公积金基数: 5000.00
==================================================

2026-06-30 17:19:44 - 开始约束基数
员工: 张三
原始社保基数: 5000.00
原始医保基数: 6000.00
原始公积金基数: 5000.00

约束后社保基数: 5000.00
约束后医保基数: 70.00
约束后公积金基数: 5000.00
==================================================

2026-06-30 17:19:44 - 开始约束基数
员工: 张三问问
原始社保基数: 6000.00
原始医保基数: 5500.00
原始公积金基数: 5000.00

约束后社保基数: 6000.00
约束后医保基数: 70.00
约束后公积金基数: 5000.00
==================================================

2026-06-30 17:19:45 - 开始约束基数
员工: testname
原始社保基数: 6000.00
原始医保基数: 7000.00
原始公积金基数: 6500.00

约束后社保基数: 6000.00
约束后医保基数: 70.00
约束后公积金基数: 6500.00
==================================================

2026-06-30 17:19:45 - 开始约束基数
员工: API????0430205854
原始社保基数: 4612.12
原始医保基数: 1236.56
原始公积金基数: 2001.00

约束后社保基数: 4869.00
约束后医保基数: 6546.00
约束后公积金基数: 2383.00
==================================================

2026-06-30 17:19:45 - 开始约束基数
员工: 31231
原始社保基数: 3000.00
原始医保基数: 3000.00
原始公积金基数: 3000.00

约束后社保基数: 3000.00
约束后医保基数: 3000.00
约束后公积金基数: 3000.00
==================================================

2026-06-30 17:19:46 - 开始约束基数
员工: wrk1
原始社保基数: 3000.00
原始医保基数: 3000.00
原始公积金基数: 3000.00

约束后社保基数: 4000.00
约束后医保基数: 3000.00
约束后公积金基数: 4000.00
==================================================

2026-06-30 17:19:46 - 开始约束基数
员工: 张三
原始社保基数: 5000.00
原始医保基数: 5000.00
原始公积金基数: 5000.00

约束后社保基数: 5000.00
约束后医保基数: 5000.00
约束后公积金基数: 5000.00
==================================================

2026-06-30 17:20:04 - 开始约束基数
员工: 张三
原始社保基数: 5000.00
原始医保基数: 6000.00
原始公积金基数: 5000.00

约束后社保基数: 5000.00
约束后医保基数: 70.00
约束后公积金基数: 5000.00
==================================================

2026-06-30 17:20:05 - 开始约束基数
员工: 张三问问
原始社保基数: 6000.00
原始医保基数: 5500.00
原始公积金基数: 5000.00

约束后社保基数: 6000.00
约束后医保基数: 70.00
约束后公积金基数: 5000.00
==================================================

2026-06-30 17:20:05 - 开始约束基数
员工: testname
原始社保基数: 6000.00
原始医保基数: 7000.00
原始公积金基数: 6500.00

约束后社保基数: 6000.00
约束后医保基数: 70.00
约束后公积金基数: 6500.00
==================================================

2026-06-30 17:20:05 - 开始约束基数
员工: API????0430205854
原始社保基数: 4612.12
原始医保基数: 1236.56
原始公积金基数: 2001.00

约束后社保基数: 4869.00
约束后医保基数: 6546.00
约束后公积金基数: 2383.00
==================================================

2026-06-30 17:20:06 - 开始约束基数
员工: 31231
原始社保基数: 3000.00
原始医保基数: 3000.00
原始公积金基数: 3000.00

约束后社保基数: 3000.00
约束后医保基数: 3000.00
约束后公积金基数: 3000.00
==================================================

2026-06-30 17:20:06 - 开始约束基数
员工: wrk1
原始社保基数: 3000.00
原始医保基数: 3000.00
原始公积金基数: 3000.00

约束后社保基数: 4000.00
约束后医保基数: 3000.00
约束后公积金基数: 4000.00
==================================================

2026-06-30 17:20:06 - 开始约束基数
员工: 张三
原始社保基数: 5000.00
原始医保基数: 5000.00
原始公积金基数: 5000.00

约束后社保基数: 5000.00
约束后医保基数: 5000.00
约束后公积金基数: 5000.00
==================================================

2026-06-30 17:20:15 - 开始约束基数
员工: 张三
原始社保基数: 5000.00
原始医保基数: 6000.00
原始公积金基数: 5000.00

约束后社保基数: 5000.00
约束后医保基数: 70.00
约束后公积金基数: 5000.00
==================================================

2026-06-30 17:20:15 - 开始约束基数
员工: 张三问问
原始社保基数: 6000.00
原始医保基数: 5500.00
原始公积金基数: 5000.00

约束后社保基数: 6000.00
约束后医保基数: 70.00
约束后公积金基数: 5000.00
==================================================

2026-06-30 17:20:16 - 开始约束基数
员工: testname
原始社保基数: 6000.00
原始医保基数: 7000.00
原始公积金基数: 6500.00

约束后社保基数: 6000.00
约束后医保基数: 70.00
约束后公积金基数: 6500.00
==================================================

2026-06-30 17:20:16 - 开始约束基数
员工: API????0430205854
原始社保基数: 4612.12
原始医保基数: 1236.56
原始公积金基数: 2001.00

约束后社保基数: 4869.00
约束后医保基数: 6546.00
约束后公积金基数: 2383.00
==================================================

2026-06-30 17:20:16 - 开始约束基数
员工: 31231
原始社保基数: 3000.00
原始医保基数: 3000.00
原始公积金基数: 3000.00

约束后社保基数: 3000.00
约束后医保基数: 3000.00
约束后公积金基数: 3000.00
==================================================

2026-06-30 17:20:17 - 开始约束基数
员工: wrk1
原始社保基数: 3000.00
原始医保基数: 3000.00
原始公积金基数: 3000.00

约束后社保基数: 4000.00
约束后医保基数: 3000.00
约束后公积金基数: 4000.00
==================================================

2026-06-30 17:20:17 - 开始约束基数
员工: 张三
原始社保基数: 5000.00
原始医保基数: 5000.00
原始公积金基数: 5000.00

约束后社保基数: 5000.00
约束后医保基数: 5000.00
约束后公积金基数: 5000.00
==================================================

2026-06-30 17:20:40 - 开始约束基数
员工: 张三
原始社保基数: 5000.00
原始医保基数: 6000.00
原始公积金基数: 5000.00

约束后社保基数: 5000.00
约束后医保基数: 70.00
约束后公积金基数: 5000.00
==================================================

2026-06-30 17:20:40 - 开始约束基数
员工: 张三问问
原始社保基数: 6000.00
原始医保基数: 5500.00
原始公积金基数: 5000.00

约束后社保基数: 6000.00
约束后医保基数: 70.00
约束后公积金基数: 5000.00
==================================================

2026-06-30 17:20:40 - 开始约束基数
员工: testname
原始社保基数: 6000.00
原始医保基数: 7000.00
原始公积金基数: 6500.00

约束后社保基数: 6000.00
约束后医保基数: 70.00
约束后公积金基数: 6500.00
==================================================

2026-06-30 17:20:41 - 开始约束基数
员工: API????0430205854
原始社保基数: 4612.12
原始医保基数: 1236.56
原始公积金基数: 2001.00

约束后社保基数: 4869.00
约束后医保基数: 6546.00
约束后公积金基数: 2383.00
==================================================

2026-06-30 17:20:41 - 开始约束基数
员工: 31231
原始社保基数: 3000.00
原始医保基数: 3000.00
原始公积金基数: 3000.00

约束后社保基数: 3000.00
约束后医保基数: 3000.00
约束后公积金基数: 3000.00
==================================================

2026-06-30 17:20:42 - 开始约束基数
员工: wrk1
原始社保基数: 3000.00
原始医保基数: 3000.00
原始公积金基数: 3000.00

约束后社保基数: 4000.00
约束后医保基数: 3000.00
约束后公积金基数: 4000.00
==================================================

2026-06-30 17:20:42 - 开始约束基数
员工: 张三
原始社保基数: 5000.00
原始医保基数: 5000.00
原始公积金基数: 5000.00

约束后社保基数: 5000.00
约束后医保基数: 5000.00
约束后公积金基数: 5000.00
==================================================

2026-06-30 17:22:40 - 开始约束基数
员工: 张三
原始社保基数: 5000.00
原始医保基数: 6000.00
原始公积金基数: 5000.00

约束后社保基数: 5000.00
约束后医保基数: 70.00
约束后公积金基数: 5000.00
==================================================

2026-06-30 17:22:40 - 开始约束基数
员工: 张三问问
原始社保基数: 6000.00
原始医保基数: 5500.00
原始公积金基数: 5000.00

约束后社保基数: 6000.00
约束后医保基数: 70.00
约束后公积金基数: 5000.00
==================================================

2026-06-30 17:22:40 - 开始约束基数
员工: testname
原始社保基数: 6000.00
原始医保基数: 7000.00
原始公积金基数: 6500.00

约束后社保基数: 6000.00
约束后医保基数: 70.00
约束后公积金基数: 6500.00
==================================================

2026-06-30 17:22:41 - 开始约束基数
员工: API????0430205854
原始社保基数: 4612.12
原始医保基数: 1236.56
原始公积金基数: 2001.00

约束后社保基数: 4869.00
约束后医保基数: 6546.00
约束后公积金基数: 2383.00
==================================================

2026-06-30 17:22:41 - 开始约束基数
员工: 31231
原始社保基数: 3000.00
原始医保基数: 3000.00
原始公积金基数: 3000.00

约束后社保基数: 3000.00
约束后医保基数: 3000.00
约束后公积金基数: 3000.00
==================================================

2026-06-30 17:22:41 - 开始约束基数
员工: wrk1
原始社保基数: 3000.00
原始医保基数: 3000.00
原始公积金基数: 3000.00

约束后社保基数: 4000.00
约束后医保基数: 3000.00
约束后公积金基数: 4000.00
==================================================

2026-06-30 17:22:42 - 开始约束基数
员工: 张三
原始社保基数: 5000.00
原始医保基数: 5000.00
原始公积金基数: 5000.00

约束后社保基数: 5000.00
约束后医保基数: 5000.00
约束后公积金基数: 5000.00
==================================================

2026-06-30 17:22:54 - 开始约束基数
员工: 张三
原始社保基数: 5000.00
原始医保基数: 6000.00
原始公积金基数: 5000.00

约束后社保基数: 5000.00
约束后医保基数: 70.00
约束后公积金基数: 5000.00
==================================================

2026-06-30 17:22:55 - 开始约束基数
员工: 张三问问
原始社保基数: 6000.00
原始医保基数: 5500.00
原始公积金基数: 5000.00

约束后社保基数: 6000.00
约束后医保基数: 70.00
约束后公积金基数: 5000.00
==================================================

2026-06-30 17:22:55 - 开始约束基数
员工: testname
原始社保基数: 6000.00
原始医保基数: 7000.00
原始公积金基数: 6500.00

约束后社保基数: 6000.00
约束后医保基数: 70.00
约束后公积金基数: 6500.00
==================================================

2026-06-30 17:22:55 - 开始约束基数
员工: API????0430205854
原始社保基数: 4612.12
原始医保基数: 1236.56
原始公积金基数: 2001.00

约束后社保基数: 4869.00
约束后医保基数: 6546.00
约束后公积金基数: 2383.00
==================================================

2026-06-30 17:22:56 - 开始约束基数
员工: 31231
原始社保基数: 3000.00
原始医保基数: 3000.00
原始公积金基数: 3000.00

约束后社保基数: 3000.00
约束后医保基数: 3000.00
约束后公积金基数: 3000.00
==================================================

2026-06-30 17:22:56 - 开始约束基数
员工: wrk1
原始社保基数: 3000.00
原始医保基数: 3000.00
原始公积金基数: 3000.00

约束后社保基数: 4000.00
约束后医保基数: 3000.00
约束后公积金基数: 4000.00
==================================================

2026-06-30 17:22:56 - 开始约束基数
员工: 张三
原始社保基数: 5000.00
原始医保基数: 5000.00
原始公积金基数: 5000.00

约束后社保基数: 5000.00
约束后医保基数: 5000.00
约束后公积金基数: 5000.00
==================================================

2026-06-30 17:23:11 - 开始约束基数
员工: 张三
原始社保基数: 5000.00
原始医保基数: 6000.00
原始公积金基数: 5000.00

约束后社保基数: 5000.00
约束后医保基数: 70.00
约束后公积金基数: 5000.00
==================================================

2026-06-30 17:23:11 - 开始约束基数
员工: 张三问问
原始社保基数: 6000.00
原始医保基数: 5500.00
原始公积金基数: 5000.00

约束后社保基数: 6000.00
约束后医保基数: 70.00
约束后公积金基数: 5000.00
==================================================

2026-06-30 17:23:11 - 开始约束基数
员工: testname
原始社保基数: 6000.00
原始医保基数: 7000.00
原始公积金基数: 6500.00

约束后社保基数: 6000.00
约束后医保基数: 70.00
约束后公积金基数: 6500.00
==================================================

2026-06-30 17:23:11 - 开始约束基数
员工: API????0430205854
原始社保基数: 4612.12
原始医保基数: 1236.56
原始公积金基数: 2001.00

约束后社保基数: 4869.00
约束后医保基数: 6546.00
约束后公积金基数: 2383.00
==================================================

2026-06-30 17:23:12 - 开始约束基数
员工: 31231
原始社保基数: 3000.00
原始医保基数: 3000.00
原始公积金基数: 3000.00

约束后社保基数: 3000.00
约束后医保基数: 3000.00
约束后公积金基数: 3000.00
==================================================

2026-06-30 17:23:12 - 开始约束基数
员工: wrk1
原始社保基数: 3000.00
原始医保基数: 3000.00
原始公积金基数: 3000.00

约束后社保基数: 4000.00
约束后医保基数: 3000.00
约束后公积金基数: 4000.00
==================================================

2026-06-30 17:23:13 - 开始约束基数
员工: 张三
原始社保基数: 5000.00
原始医保基数: 5000.00
原始公积金基数: 5000.00

约束后社保基数: 5000.00
约束后医保基数: 5000.00
约束后公积金基数: 5000.00
==================================================

2026-06-30 17:23:19 - 开始约束基数
员工: 张三
原始社保基数: 5000.00
原始医保基数: 6000.00
原始公积金基数: 5000.00

约束后社保基数: 5000.00
约束后医保基数: 70.00
约束后公积金基数: 5000.00
==================================================

2026-06-30 17:23:19 - 开始约束基数
员工: 张三问问
原始社保基数: 6000.00
原始医保基数: 5500.00
原始公积金基数: 5000.00

约束后社保基数: 6000.00
约束后医保基数: 70.00
约束后公积金基数: 5000.00
==================================================

2026-06-30 17:23:20 - 开始约束基数
员工: testname
原始社保基数: 6000.00
原始医保基数: 7000.00
原始公积金基数: 6500.00

约束后社保基数: 6000.00
约束后医保基数: 70.00
约束后公积金基数: 6500.00
==================================================

2026-06-30 17:23:20 - 开始约束基数
员工: API????0430205854
原始社保基数: 4612.12
原始医保基数: 1236.56
原始公积金基数: 2001.00

约束后社保基数: 4869.00
约束后医保基数: 6546.00
约束后公积金基数: 2383.00
==================================================

2026-06-30 17:23:20 - 开始约束基数
员工: 31231
原始社保基数: 3000.00
原始医保基数: 3000.00
原始公积金基数: 3000.00

约束后社保基数: 3000.00
约束后医保基数: 3000.00
约束后公积金基数: 3000.00
==================================================

2026-06-30 17:23:21 - 开始约束基数
员工: wrk1
原始社保基数: 3000.00
原始医保基数: 3000.00
原始公积金基数: 3000.00

约束后社保基数: 4000.00
约束后医保基数: 3000.00
约束后公积金基数: 4000.00
==================================================

2026-06-30 17:23:21 - 开始约束基数
员工: 张三
原始社保基数: 5000.00
原始医保基数: 5000.00
原始公积金基数: 5000.00

约束后社保基数: 5000.00
约束后医保基数: 5000.00
约束后公积金基数: 5000.00
==================================================

2026-06-30 17:23:35 - 开始约束基数
员工: 张三
原始社保基数: 5000.00
原始医保基数: 6000.00
原始公积金基数: 5000.00

约束后社保基数: 5000.00
约束后医保基数: 70.00
约束后公积金基数: 5000.00
==================================================

2026-06-30 17:23:36 - 开始约束基数
员工: 张三问问
原始社保基数: 6000.00
原始医保基数: 5500.00
原始公积金基数: 5000.00

约束后社保基数: 6000.00
约束后医保基数: 70.00
约束后公积金基数: 5000.00
==================================================

2026-06-30 17:23:36 - 开始约束基数
员工: testname
原始社保基数: 6000.00
原始医保基数: 7000.00
原始公积金基数: 6500.00

约束后社保基数: 6000.00
约束后医保基数: 70.00
约束后公积金基数: 6500.00
==================================================

2026-06-30 17:23:36 - 开始约束基数
员工: API????0430205854
原始社保基数: 4612.12
原始医保基数: 1236.56
原始公积金基数: 2001.00

约束后社保基数: 4869.00
约束后医保基数: 6546.00
约束后公积金基数: 2383.00
==================================================

2026-06-30 17:23:37 - 开始约束基数
员工: 31231
原始社保基数: 3000.00
原始医保基数: 3000.00
原始公积金基数: 3000.00

约束后社保基数: 3000.00
约束后医保基数: 3000.00
约束后公积金基数: 3000.00
==================================================

2026-06-30 17:23:37 - 开始约束基数
员工: wrk1
原始社保基数: 3000.00
原始医保基数: 3000.00
原始公积金基数: 3000.00

约束后社保基数: 4000.00
约束后医保基数: 3000.00
约束后公积金基数: 4000.00
==================================================

2026-06-30 17:23:38 - 开始约束基数
员工: 张三
原始社保基数: 5000.00
原始医保基数: 5000.00
原始公积金基数: 5000.00

约束后社保基数: 5000.00
约束后医保基数: 5000.00
约束后公积金基数: 5000.00
==================================================

2026-06-30 17:23:45 - 开始约束基数
员工: 张三
原始社保基数: 5000.00
原始医保基数: 6000.00
原始公积金基数: 5000.00

约束后社保基数: 5000.00
约束后医保基数: 70.00
约束后公积金基数: 5000.00
==================================================

2026-06-30 17:23:45 - 开始约束基数
员工: 张三问问
原始社保基数: 6000.00
原始医保基数: 5500.00
原始公积金基数: 5000.00

约束后社保基数: 6000.00
约束后医保基数: 70.00
约束后公积金基数: 5000.00
==================================================

2026-06-30 17:23:45 - 开始约束基数
员工: testname
原始社保基数: 6000.00
原始医保基数: 7000.00
原始公积金基数: 6500.00

约束后社保基数: 6000.00
约束后医保基数: 70.00
约束后公积金基数: 6500.00
==================================================

2026-06-30 17:23:46 - 开始约束基数
员工: API????0430205854
原始社保基数: 4612.12
原始医保基数: 1236.56
原始公积金基数: 2001.00

约束后社保基数: 4869.00
约束后医保基数: 6546.00
约束后公积金基数: 2383.00
==================================================

2026-06-30 17:23:46 - 开始约束基数
员工: 31231
原始社保基数: 3000.00
原始医保基数: 3000.00
原始公积金基数: 3000.00

约束后社保基数: 3000.00
约束后医保基数: 3000.00
约束后公积金基数: 3000.00
==================================================

2026-06-30 17:23:46 - 开始约束基数
员工: wrk1
原始社保基数: 3000.00
原始医保基数: 3000.00
原始公积金基数: 3000.00

约束后社保基数: 4000.00
约束后医保基数: 3000.00
约束后公积金基数: 4000.00
==================================================

2026-06-30 17:23:47 - 开始约束基数
员工: 张三
原始社保基数: 5000.00
原始医保基数: 5000.00
原始公积金基数: 5000.00

约束后社保基数: 5000.00
约束后医保基数: 5000.00
约束后公积金基数: 5000.00
==================================================

2026-06-30 17:24:08 - 开始约束基数
员工: 张三
原始社保基数: 5000.00
原始医保基数: 6000.00
原始公积金基数: 5000.00

约束后社保基数: 5000.00
约束后医保基数: 70.00
约束后公积金基数: 5000.00
==================================================

2026-06-30 17:24:09 - 开始约束基数
员工: 张三问问
原始社保基数: 6000.00
原始医保基数: 5500.00
原始公积金基数: 5000.00

约束后社保基数: 6000.00
约束后医保基数: 70.00
约束后公积金基数: 5000.00
==================================================

2026-06-30 17:24:09 - 开始约束基数
员工: testname
原始社保基数: 6000.00
原始医保基数: 7000.00
原始公积金基数: 6500.00

约束后社保基数: 6000.00
约束后医保基数: 70.00
约束后公积金基数: 6500.00
==================================================

2026-06-30 17:24:09 - 开始约束基数
员工: API????0430205854
原始社保基数: 4612.12
原始医保基数: 1236.56
原始公积金基数: 2001.00

约束后社保基数: 4869.00
约束后医保基数: 6546.00
约束后公积金基数: 2383.00
==================================================

2026-06-30 17:24:10 - 开始约束基数
员工: 31231
原始社保基数: 3000.00
原始医保基数: 3000.00
原始公积金基数: 3000.00

约束后社保基数: 3000.00
约束后医保基数: 3000.00
约束后公积金基数: 3000.00
==================================================

2026-06-30 17:24:10 - 开始约束基数
员工: wrk1
原始社保基数: 3000.00
原始医保基数: 3000.00
原始公积金基数: 3000.00

约束后社保基数: 4000.00
约束后医保基数: 3000.00
约束后公积金基数: 4000.00
==================================================

2026-06-30 17:24:11 - 开始约束基数
员工: 张三
原始社保基数: 5000.00
原始医保基数: 5000.00
原始公积金基数: 5000.00

约束后社保基数: 5000.00
约束后医保基数: 5000.00
约束后公积金基数: 5000.00
==================================================

2026-06-30 17:24:45 - 开始约束基数
员工: 张三
原始社保基数: 5000.00
原始医保基数: 6000.00
原始公积金基数: 5000.00

约束后社保基数: 5000.00
约束后医保基数: 70.00
约束后公积金基数: 5000.00
==================================================

2026-06-30 17:24:46 - 开始约束基数
员工: 张三问问
原始社保基数: 6000.00
原始医保基数: 5500.00
原始公积金基数: 5000.00

约束后社保基数: 6000.00
约束后医保基数: 70.00
约束后公积金基数: 5000.00
==================================================

2026-06-30 17:24:46 - 开始约束基数
员工: testname
原始社保基数: 6000.00
原始医保基数: 7000.00
原始公积金基数: 6500.00

约束后社保基数: 6000.00
约束后医保基数: 70.00
约束后公积金基数: 6500.00
==================================================

2026-06-30 17:24:46 - 开始约束基数
员工: API????0430205854
原始社保基数: 4612.12
原始医保基数: 1236.56
原始公积金基数: 2001.00

约束后社保基数: 4869.00
约束后医保基数: 6546.00
约束后公积金基数: 2383.00
==================================================

2026-06-30 17:24:47 - 开始约束基数
员工: 31231
原始社保基数: 3000.00
原始医保基数: 3000.00
原始公积金基数: 3000.00

约束后社保基数: 3000.00
约束后医保基数: 3000.00
约束后公积金基数: 3000.00
==================================================

2026-06-30 17:24:47 - 开始约束基数
员工: wrk1
原始社保基数: 3000.00
原始医保基数: 3000.00
原始公积金基数: 3000.00

约束后社保基数: 4000.00
约束后医保基数: 3000.00
约束后公积金基数: 4000.00
==================================================

2026-06-30 17:24:48 - 开始约束基数
员工: 张三
原始社保基数: 5000.00
原始医保基数: 5000.00
原始公积金基数: 5000.00

约束后社保基数: 5000.00
约束后医保基数: 5000.00
约束后公积金基数: 5000.00
==================================================

2026-06-30 17:27:51 - 开始约束基数
员工: 张三
原始社保基数: 5000.00
原始医保基数: 6000.00
原始公积金基数: 5000.00

约束后社保基数: 5000.00
约束后医保基数: 70.00
约束后公积金基数: 5000.00
==================================================

2026-06-30 17:27:52 - 开始约束基数
员工: 张三问问
原始社保基数: 6000.00
原始医保基数: 5500.00
原始公积金基数: 5000.00

约束后社保基数: 6000.00
约束后医保基数: 70.00
约束后公积金基数: 5000.00
==================================================

2026-06-30 17:27:52 - 开始约束基数
员工: testname
原始社保基数: 6000.00
原始医保基数: 7000.00
原始公积金基数: 6500.00

约束后社保基数: 6000.00
约束后医保基数: 70.00
约束后公积金基数: 6500.00
==================================================

2026-06-30 17:27:52 - 开始约束基数
员工: API????0430205854
原始社保基数: 4612.12
原始医保基数: 1236.56
原始公积金基数: 2001.00

约束后社保基数: 4869.00
约束后医保基数: 6546.00
约束后公积金基数: 2383.00
==================================================

2026-06-30 17:27:53 - 开始约束基数
员工: 31231
原始社保基数: 3000.00
原始医保基数: 3000.00
原始公积金基数: 3000.00

约束后社保基数: 3000.00
约束后医保基数: 3000.00
约束后公积金基数: 3000.00
==================================================

2026-06-30 17:27:53 - 开始约束基数
员工: wrk1
原始社保基数: 3000.00
原始医保基数: 3000.00
原始公积金基数: 3000.00

约束后社保基数: 4000.00
约束后医保基数: 3000.00
约束后公积金基数: 4000.00
==================================================

2026-06-30 17:27:53 - 开始约束基数
员工: 张三
原始社保基数: 5000.00
原始医保基数: 5000.00
原始公积金基数: 5000.00

约束后社保基数: 5000.00
约束后医保基数: 5000.00
约束后公积金基数: 5000.00
==================================================

2026-06-30 17:28:23 - 开始约束基数
员工: 张三
原始社保基数: 5000.00
原始医保基数: 6000.00
原始公积金基数: 5000.00

约束后社保基数: 5000.00
约束后医保基数: 70.00
约束后公积金基数: 5000.00
==================================================

2026-06-30 17:28:23 - 开始约束基数
员工: 张三问问
原始社保基数: 6000.00
原始医保基数: 5500.00
原始公积金基数: 5000.00

约束后社保基数: 6000.00
约束后医保基数: 70.00
约束后公积金基数: 5000.00
==================================================

2026-06-30 17:28:24 - 开始约束基数
员工: testname
原始社保基数: 6000.00
原始医保基数: 7000.00
原始公积金基数: 6500.00

约束后社保基数: 6000.00
约束后医保基数: 70.00
约束后公积金基数: 6500.00
==================================================

2026-06-30 17:28:24 - 开始约束基数
员工: API????0430205854
原始社保基数: 4612.12
原始医保基数: 1236.56
原始公积金基数: 2001.00

约束后社保基数: 4869.00
约束后医保基数: 6546.00
约束后公积金基数: 2383.00
==================================================

2026-06-30 17:28:24 - 开始约束基数
员工: 31231
原始社保基数: 3000.00
原始医保基数: 3000.00
原始公积金基数: 3000.00

约束后社保基数: 3000.00
约束后医保基数: 3000.00
约束后公积金基数: 3000.00
==================================================

2026-06-30 17:28:25 - 开始约束基数
员工: wrk1
原始社保基数: 3000.00
原始医保基数: 3000.00
原始公积金基数: 3000.00

约束后社保基数: 4000.00
约束后医保基数: 3000.00
约束后公积金基数: 4000.00
==================================================

2026-06-30 17:28:25 - 开始约束基数
员工: 张三
原始社保基数: 5000.00
原始医保基数: 5000.00
原始公积金基数: 5000.00

约束后社保基数: 5000.00
约束后医保基数: 5000.00
约束后公积金基数: 5000.00
==================================================

2026-06-30 17:30:11 - 开始约束基数
员工: 张三
原始社保基数: 5000.00
原始医保基数: 6000.00
原始公积金基数: 5000.00

约束后社保基数: 5000.00
约束后医保基数: 70.00
约束后公积金基数: 5000.00
==================================================

2026-06-30 17:30:12 - 开始约束基数
员工: 张三问问
原始社保基数: 6000.00
原始医保基数: 5500.00
原始公积金基数: 5000.00

约束后社保基数: 6000.00
约束后医保基数: 70.00
约束后公积金基数: 5000.00
==================================================

2026-06-30 17:30:12 - 开始约束基数
员工: testname
原始社保基数: 6000.00
原始医保基数: 7000.00
原始公积金基数: 6500.00

约束后社保基数: 6000.00
约束后医保基数: 70.00
约束后公积金基数: 6500.00
==================================================

2026-06-30 17:30:12 - 开始约束基数
员工: API????0430205854
原始社保基数: 4612.12
原始医保基数: 1236.56
原始公积金基数: 2001.00

约束后社保基数: 4869.00
约束后医保基数: 6546.00
约束后公积金基数: 2383.00
==================================================

2026-06-30 17:30:13 - 开始约束基数
员工: 31231
原始社保基数: 3000.00
原始医保基数: 3000.00
原始公积金基数: 3000.00

约束后社保基数: 3000.00
约束后医保基数: 3000.00
约束后公积金基数: 3000.00
==================================================

2026-06-30 17:30:13 - 开始约束基数
员工: wrk1
原始社保基数: 3000.00
原始医保基数: 3000.00
原始公积金基数: 3000.00

约束后社保基数: 4000.00
约束后医保基数: 3000.00
约束后公积金基数: 4000.00
==================================================

2026-06-30 17:30:14 - 开始约束基数
员工: 张三
原始社保基数: 5000.00
原始医保基数: 5000.00
原始公积金基数: 5000.00

约束后社保基数: 5000.00
约束后医保基数: 5000.00
约束后公积金基数: 5000.00
==================================================

2026-07-01 20:07:03 - 开始约束基数
员工: wrk1
原始社保基数: 3000.00
原始医保基数: 3000.00
原始公积金基数: 3000.00

约束后社保基数: 4000.00
约束后医保基数: 3000.00
约束后公积金基数: 4000.00
==================================================

2026-07-01 20:07:03 - 开始约束基数
员工: 张三
原始社保基数: 5000.00
原始医保基数: 5000.00
原始公积金基数: 5000.00

约束后社保基数: 5000.00
约束后医保基数: 5000.00
约束后公积金基数: 5000.00
==================================================

2026-07-01 20:07:11 - 开始约束基数
员工: wrk1
原始社保基数: 3000.00
原始医保基数: 3000.00
原始公积金基数: 3000.00

约束后社保基数: 4000.00
约束后医保基数: 3000.00
约束后公积金基数: 4000.00
==================================================

2026-07-01 20:07:11 - 开始约束基数
员工: 张三
原始社保基数: 5000.00
原始医保基数: 5000.00
原始公积金基数: 5000.00

约束后社保基数: 5000.00
约束后医保基数: 5000.00
约束后公积金基数: 5000.00
==================================================

2026-07-03 13:43:33 - 开始约束基数
员工: 张三
原始社保基数: 5000.00
原始医保基数: 6000.00
原始公积金基数: 5000.00

约束后社保基数: 5000.00
约束后医保基数: 70.00
约束后公积金基数: 5000.00
==================================================

2026-07-03 13:43:33 - 开始约束基数
员工: 张三问问
原始社保基数: 6000.00
原始医保基数: 5500.00
原始公积金基数: 5000.00

约束后社保基数: 6000.00
约束后医保基数: 70.00
约束后公积金基数: 5000.00
==================================================

2026-07-03 13:43:34 - 开始约束基数
员工: testname
原始社保基数: 6000.00
原始医保基数: 7000.00
原始公积金基数: 6500.00

约束后社保基数: 6000.00
约束后医保基数: 70.00
约束后公积金基数: 6500.00
==================================================

2026-07-03 13:43:34 - 开始约束基数
员工: API????0430205854
原始社保基数: 4612.12
原始医保基数: 1236.56
原始公积金基数: 2001.00

约束后社保基数: 4869.00
约束后医保基数: 6546.00
约束后公积金基数: 2383.00
==================================================

2026-07-03 13:43:34 - 开始约束基数
员工: 31231
原始社保基数: 3000.00
原始医保基数: 3000.00
原始公积金基数: 3000.00

约束后社保基数: 3000.00
约束后医保基数: 3000.00
约束后公积金基数: 3000.00
==================================================

2026-07-03 13:43:35 - 开始约束基数
员工: wrk1
原始社保基数: 3000.00
原始医保基数: 3000.00
原始公积金基数: 3000.00

约束后社保基数: 4000.00
约束后医保基数: 3000.00
约束后公积金基数: 4000.00
==================================================

2026-07-03 13:43:35 - 开始约束基数
员工: 张三
原始社保基数: 5000.00
原始医保基数: 5000.00
原始公积金基数: 5000.00

约束后社保基数: 5000.00
约束后医保基数: 5000.00
约束后公积金基数: 5000.00
==================================================

2026-07-03 13:44:06 - 开始约束基数
员工: 张三
原始社保基数: 5000.00
原始医保基数: 6000.00
原始公积金基数: 5000.00

约束后社保基数: 5000.00
约束后医保基数: 70.00
约束后公积金基数: 5000.00
==================================================

2026-07-03 13:44:06 - 开始约束基数
员工: 张三问问
原始社保基数: 6000.00
原始医保基数: 5500.00
原始公积金基数: 5000.00

约束后社保基数: 6000.00
约束后医保基数: 70.00
约束后公积金基数: 5000.00
==================================================

2026-07-03 13:44:06 - 开始约束基数
员工: testname
原始社保基数: 6000.00
原始医保基数: 7000.00
原始公积金基数: 6500.00

约束后社保基数: 6000.00
约束后医保基数: 70.00
约束后公积金基数: 6500.00
==================================================

2026-07-03 13:44:06 - 开始约束基数
员工: API????0430205854
原始社保基数: 4612.12
原始医保基数: 1236.56
原始公积金基数: 2001.00

约束后社保基数: 4869.00
约束后医保基数: 6546.00
约束后公积金基数: 2383.00
==================================================

2026-07-03 13:44:07 - 开始约束基数
员工: 31231
原始社保基数: 3000.00
原始医保基数: 3000.00
原始公积金基数: 3000.00

约束后社保基数: 3000.00
约束后医保基数: 3000.00
约束后公积金基数: 3000.00
==================================================

2026-07-03 13:44:07 - 开始约束基数
员工: wrk1
原始社保基数: 3000.00
原始医保基数: 3000.00
原始公积金基数: 3000.00

约束后社保基数: 4000.00
约束后医保基数: 3000.00
约束后公积金基数: 4000.00
==================================================

2026-07-03 13:44:08 - 开始约束基数
员工: 张三
原始社保基数: 5000.00
原始医保基数: 5000.00
原始公积金基数: 5000.00

约束后社保基数: 5000.00
约束后医保基数: 5000.00
约束后公积金基数: 5000.00
==================================================

2026-07-03 13:44:41 - 开始约束基数
员工: 张三
原始社保基数: 5000.00
原始医保基数: 6000.00
原始公积金基数: 5000.00

约束后社保基数: 5000.00
约束后医保基数: 70.00
约束后公积金基数: 5000.00
==================================================

2026-07-03 13:44:41 - 开始约束基数
员工: 张三问问
原始社保基数: 6000.00
原始医保基数: 5500.00
原始公积金基数: 5000.00

约束后社保基数: 6000.00
约束后医保基数: 70.00
约束后公积金基数: 5000.00
==================================================

2026-07-03 13:44:42 - 开始约束基数
员工: testname
原始社保基数: 6000.00
原始医保基数: 7000.00
原始公积金基数: 6500.00

约束后社保基数: 6000.00
约束后医保基数: 70.00
约束后公积金基数: 6500.00
==================================================

2026-07-03 13:44:42 - 开始约束基数
员工: API????0430205854
原始社保基数: 4612.12
原始医保基数: 1236.56
原始公积金基数: 2001.00

约束后社保基数: 4869.00
约束后医保基数: 6546.00
约束后公积金基数: 2383.00
==================================================

2026-07-03 13:44:42 - 开始约束基数
员工: 31231
原始社保基数: 3000.00
原始医保基数: 3000.00
原始公积金基数: 3000.00

约束后社保基数: 3000.00
约束后医保基数: 3000.00
约束后公积金基数: 3000.00
==================================================

2026-07-03 13:44:43 - 开始约束基数
员工: wrk1
原始社保基数: 3000.00
原始医保基数: 3000.00
原始公积金基数: 3000.00

约束后社保基数: 4000.00
约束后医保基数: 3000.00
约束后公积金基数: 4000.00
==================================================

2026-07-03 13:44:43 - 开始约束基数
员工: 张三
原始社保基数: 5000.00
原始医保基数: 5000.00
原始公积金基数: 5000.00

约束后社保基数: 5000.00
约束后医保基数: 5000.00
约束后公积金基数: 5000.00
==================================================

2026-07-03 13:45:05 - 开始约束基数
员工: 张三
原始社保基数: 5000.00
原始医保基数: 6000.00
原始公积金基数: 5000.00

约束后社保基数: 5000.00
约束后医保基数: 70.00
约束后公积金基数: 5000.00
==================================================

2026-07-03 13:45:05 - 开始约束基数
员工: 张三问问
原始社保基数: 6000.00
原始医保基数: 5500.00
原始公积金基数: 5000.00

约束后社保基数: 6000.00
约束后医保基数: 70.00
约束后公积金基数: 5000.00
==================================================

2026-07-03 13:45:05 - 开始约束基数
员工: testname
原始社保基数: 6000.00
原始医保基数: 7000.00
原始公积金基数: 6500.00

约束后社保基数: 6000.00
约束后医保基数: 70.00
约束后公积金基数: 6500.00
==================================================

2026-07-03 13:45:06 - 开始约束基数
员工: API????0430205854
原始社保基数: 4612.12
原始医保基数: 1236.56
原始公积金基数: 2001.00

约束后社保基数: 4869.00
约束后医保基数: 6546.00
约束后公积金基数: 2383.00
==================================================

2026-07-03 13:45:06 - 开始约束基数
员工: 31231
原始社保基数: 3000.00
原始医保基数: 3000.00
原始公积金基数: 3000.00

约束后社保基数: 3000.00
约束后医保基数: 3000.00
约束后公积金基数: 3000.00
==================================================

2026-07-03 13:45:07 - 开始约束基数
员工: wrk1
原始社保基数: 3000.00
原始医保基数: 3000.00
原始公积金基数: 3000.00

约束后社保基数: 4000.00
约束后医保基数: 3000.00
约束后公积金基数: 4000.00
==================================================

2026-07-03 13:45:07 - 开始约束基数
员工: 张三
原始社保基数: 5000.00
原始医保基数: 5000.00
原始公积金基数: 5000.00

约束后社保基数: 5000.00
约束后医保基数: 5000.00
约束后公积金基数: 5000.00
==================================================

2026-07-03 13:45:26 - 开始约束基数
员工: 张三
原始社保基数: 5000.00
原始医保基数: 6000.00
原始公积金基数: 5000.00

约束后社保基数: 5000.00
约束后医保基数: 70.00
约束后公积金基数: 5000.00
==================================================

2026-07-03 13:45:26 - 开始约束基数
员工: 张三问问
原始社保基数: 6000.00
原始医保基数: 5500.00
原始公积金基数: 5000.00

约束后社保基数: 6000.00
约束后医保基数: 70.00
约束后公积金基数: 5000.00
==================================================

2026-07-03 13:45:27 - 开始约束基数
员工: testname
原始社保基数: 6000.00
原始医保基数: 7000.00
原始公积金基数: 6500.00

约束后社保基数: 6000.00
约束后医保基数: 70.00
约束后公积金基数: 6500.00
==================================================

2026-07-03 13:45:27 - 开始约束基数
员工: API????0430205854
原始社保基数: 4612.12
原始医保基数: 1236.56
原始公积金基数: 2001.00

约束后社保基数: 4869.00
约束后医保基数: 6546.00
约束后公积金基数: 2383.00
==================================================

2026-07-03 13:45:27 - 开始约束基数
员工: 31231
原始社保基数: 3000.00
原始医保基数: 3000.00
原始公积金基数: 3000.00

约束后社保基数: 3000.00
约束后医保基数: 3000.00
约束后公积金基数: 3000.00
==================================================

2026-07-03 13:45:28 - 开始约束基数
员工: wrk1
原始社保基数: 3000.00
原始医保基数: 3000.00
原始公积金基数: 3000.00

约束后社保基数: 4000.00
约束后医保基数: 3000.00
约束后公积金基数: 4000.00
==================================================

2026-07-03 13:45:28 - 开始约束基数
员工: 张三
原始社保基数: 5000.00
原始医保基数: 5000.00
原始公积金基数: 5000.00

约束后社保基数: 5000.00
约束后医保基数: 5000.00
约束后公积金基数: 5000.00
==================================================

2026-07-03 13:46:56 - 开始约束基数
员工: 张三
原始社保基数: 5000.00
原始医保基数: 6000.00
原始公积金基数: 5000.00

约束后社保基数: 5000.00
约束后医保基数: 70.00
约束后公积金基数: 5000.00
==================================================

2026-07-03 13:46:56 - 开始约束基数
员工: 张三问问
原始社保基数: 6000.00
原始医保基数: 5500.00
原始公积金基数: 5000.00

约束后社保基数: 6000.00
约束后医保基数: 70.00
约束后公积金基数: 5000.00
==================================================

2026-07-03 13:46:56 - 开始约束基数
员工: testname
原始社保基数: 6000.00
原始医保基数: 7000.00
原始公积金基数: 6500.00

约束后社保基数: 6000.00
约束后医保基数: 70.00
约束后公积金基数: 6500.00
==================================================

2026-07-03 13:46:56 - 开始约束基数
员工: API????0430205854
原始社保基数: 4612.12
原始医保基数: 1236.56
原始公积金基数: 2001.00

约束后社保基数: 4869.00
约束后医保基数: 6546.00
约束后公积金基数: 2383.00
==================================================

2026-07-03 13:46:57 - 开始约束基数
员工: 31231
原始社保基数: 3000.00
原始医保基数: 3000.00
原始公积金基数: 3000.00

约束后社保基数: 3000.00
约束后医保基数: 3000.00
约束后公积金基数: 3000.00
==================================================

2026-07-03 13:46:57 - 开始约束基数
员工: wrk1
原始社保基数: 3000.00
原始医保基数: 3000.00
原始公积金基数: 3000.00

约束后社保基数: 4000.00
约束后医保基数: 3000.00
约束后公积金基数: 4000.00
==================================================

2026-07-03 13:46:58 - 开始约束基数
员工: 张三
原始社保基数: 5000.00
原始医保基数: 5000.00
原始公积金基数: 5000.00

约束后社保基数: 5000.00
约束后医保基数: 5000.00
约束后公积金基数: 5000.00
==================================================

2026-07-03 13:47:11 - 开始约束基数
员工: 张三
原始社保基数: 5000.00
原始医保基数: 6000.00
原始公积金基数: 5000.00

约束后社保基数: 5000.00
约束后医保基数: 70.00
约束后公积金基数: 5000.00
==================================================

2026-07-03 13:47:11 - 开始约束基数
员工: 张三问问
原始社保基数: 6000.00
原始医保基数: 5500.00
原始公积金基数: 5000.00

约束后社保基数: 6000.00
约束后医保基数: 70.00
约束后公积金基数: 5000.00
==================================================

2026-07-03 13:47:11 - 开始约束基数
员工: testname
原始社保基数: 6000.00
原始医保基数: 7000.00
原始公积金基数: 6500.00

约束后社保基数: 6000.00
约束后医保基数: 70.00
约束后公积金基数: 6500.00
==================================================

2026-07-03 13:47:12 - 开始约束基数
员工: API????0430205854
原始社保基数: 4612.12
原始医保基数: 1236.56
原始公积金基数: 2001.00

约束后社保基数: 4869.00
约束后医保基数: 6546.00
约束后公积金基数: 2383.00
==================================================

2026-07-03 13:47:12 - 开始约束基数
员工: 31231
原始社保基数: 3000.00
原始医保基数: 3000.00
原始公积金基数: 3000.00

约束后社保基数: 3000.00
约束后医保基数: 3000.00
约束后公积金基数: 3000.00
==================================================

2026-07-03 13:47:13 - 开始约束基数
员工: wrk1
原始社保基数: 3000.00
原始医保基数: 3000.00
原始公积金基数: 3000.00

约束后社保基数: 4000.00
约束后医保基数: 3000.00
约束后公积金基数: 4000.00
==================================================

2026-07-03 13:47:13 - 开始约束基数
员工: 张三
原始社保基数: 5000.00
原始医保基数: 5000.00
原始公积金基数: 5000.00

约束后社保基数: 5000.00
约束后医保基数: 5000.00
约束后公积金基数: 5000.00
==================================================

2026-07-03 13:47:26 - 开始约束基数
员工: 张三
原始社保基数: 5000.00
原始医保基数: 6000.00
原始公积金基数: 5000.00

约束后社保基数: 5000.00
约束后医保基数: 70.00
约束后公积金基数: 5000.00
==================================================

2026-07-03 13:47:27 - 开始约束基数
员工: 张三问问
原始社保基数: 6000.00
原始医保基数: 5500.00
原始公积金基数: 5000.00

约束后社保基数: 6000.00
约束后医保基数: 70.00
约束后公积金基数: 5000.00
==================================================

2026-07-03 13:47:27 - 开始约束基数
员工: testname
原始社保基数: 6000.00
原始医保基数: 7000.00
原始公积金基数: 6500.00

约束后社保基数: 6000.00
约束后医保基数: 70.00
约束后公积金基数: 6500.00
==================================================

2026-07-03 13:47:27 - 开始约束基数
员工: API????0430205854
原始社保基数: 4612.12
原始医保基数: 1236.56
原始公积金基数: 2001.00

约束后社保基数: 4869.00
约束后医保基数: 6546.00
约束后公积金基数: 2383.00
==================================================

2026-07-03 13:47:28 - 开始约束基数
员工: 31231
原始社保基数: 3000.00
原始医保基数: 3000.00
原始公积金基数: 3000.00

约束后社保基数: 3000.00
约束后医保基数: 3000.00
约束后公积金基数: 3000.00
==================================================

2026-07-03 13:47:28 - 开始约束基数
员工: wrk1
原始社保基数: 3000.00
原始医保基数: 3000.00
原始公积金基数: 3000.00

约束后社保基数: 4000.00
约束后医保基数: 3000.00
约束后公积金基数: 4000.00
==================================================

2026-07-03 13:47:28 - 开始约束基数
员工: 张三
原始社保基数: 5000.00
原始医保基数: 5000.00
原始公积金基数: 5000.00

约束后社保基数: 5000.00
约束后医保基数: 5000.00
约束后公积金基数: 5000.00
==================================================

2026-07-06 11:20:39 - 开始约束基数
员工: 张文彪
原始社保基数: 8400.00
原始医保基数: 0
原始公积金基数: 0

约束后社保基数: 8400.00
约束后医保基数: 5069.00
约束后公积金基数: 1890.00
==================================================

2026-07-06 15:04:08 - 开始约束基数
员工: 张文彪
原始社保基数: 8400.00
原始医保基数: 8400.00
原始公积金基数: 1890.00

约束后社保基数: 8400.00
约束后医保基数: 8400.00
约束后公积金基数: 1890.00
==================================================

2026-07-13 17:19:11 - 开始约束基数
员工: 陈秉颉
原始社保基数: 0
原始医保基数: 0
原始公积金基数: 0

约束后社保基数: 3831.00
约束后医保基数: 3831.00
约束后公积金基数: 2100.00
==================================================

2026-07-13 17:19:11 - 开始约束基数
员工: 周顺奎
原始社保基数: 0
原始医保基数: 0
原始公积金基数: 0

约束后社保基数: 5069.00
约束后医保基数: 5069.00
约束后公积金基数: 1890.00
==================================================

2026-07-13 17:19:12 - 开始约束基数
员工: 蒋欢
原始社保基数: 0
原始医保基数: 0
原始公积金基数: 0

约束后社保基数: 5069.00
约束后医保基数: 5069.00
约束后公积金基数: 1890.00
==================================================

2026-07-13 17:19:12 - 开始约束基数
员工: 董彪
原始社保基数: 0
原始医保基数: 0
原始公积金基数: 0

约束后社保基数: 5069.00
约束后医保基数: 5069.00
约束后公积金基数: 1890.00
==================================================

2026-07-13 17:19:12 - 开始约束基数
员工: 柯恩奇
原始社保基数: 0
原始医保基数: 0
原始公积金基数: 0

约束后社保基数: 5069.00
约束后医保基数: 5069.00
约束后公积金基数: 1890.00
==================================================

2026-07-13 17:19:13 - 开始约束基数
员工: 王彦雲
原始社保基数: 0
原始医保基数: 0
原始公积金基数: 0

约束后社保基数: 5069.00
约束后医保基数: 5069.00
约束后公积金基数: 1890.00
==================================================

2026-07-13 17:19:14 - 开始约束基数
员工: 王洪渊
原始社保基数: 0
原始医保基数: 0
原始公积金基数: 0

约束后社保基数: 0
约束后医保基数: 0
约束后公积金基数: 0
==================================================

2026-07-13 17:19:14 - 开始约束基数
员工: 林延芳
原始社保基数: 0
原始医保基数: 0
原始公积金基数: 0

约束后社保基数: 5069.00
约束后医保基数: 5069.00
约束后公积金基数: 1890.00
==================================================

2026-07-13 17:19:15 - 开始约束基数
员工: 关润成
原始社保基数: 0
原始医保基数: 0
原始公积金基数: 0

约束后社保基数: 5069.00
约束后医保基数: 5069.00
约束后公积金基数: 1890.00
==================================================

2026-07-13 17:19:16 - 开始约束基数
员工: 刘翔
原始社保基数: 0
原始医保基数: 0
原始公积金基数: 0

约束后社保基数: 5069.00
约束后医保基数: 5069.00
约束后公积金基数: 1890.00
==================================================

2026-07-13 17:19:16 - 开始约束基数
员工: 张文彪
原始社保基数: 8400.00
原始医保基数: 8400.00
原始公积金基数: 1890.00

约束后社保基数: 8400.00
约束后医保基数: 8400.00
约束后公积金基数: 1890.00
==================================================

2026-07-13 17:19:17 - 开始约束基数
员工: 王军明
原始社保基数: 0
原始医保基数: 0
原始公积金基数: 0

约束后社保基数: 0
约束后医保基数: 0
约束后公积金基数: 0
==================================================

2026-07-13 18:50:30 - 开始约束基数
员工: 鑫磊
原始社保基数: 6000.00
原始医保基数: 0
原始公积金基数: 0

约束后社保基数: 6000.00
约束后医保基数: 6543.00
约束后公积金基数: 2270.00
==================================================

2026-07-13 18:50:30 - 开始约束基数
员工: 鑫磊
原始社保基数: 6000.00
原始医保基数: 6000.00
原始公积金基数: 0

约束后社保基数: 6000.00
约束后医保基数: 6543.00
约束后公积金基数: 2270.00
==================================================

2026-07-13 18:50:30 - 开始约束基数
员工: 鑫磊
原始社保基数: 6000.00
原始医保基数: 6543.00
原始公积金基数: 6000.00

约束后社保基数: 6000.00
约束后医保基数: 6543.00
约束后公积金基数: 6000.00
==================================================

2026-07-15 15:18:05 - 开始约束基数
员工: 刘翔
原始社保基数: 0
原始医保基数: 0
原始公积金基数: 0

约束后社保基数: 5069.00
约束后医保基数: 5069.00
约束后公积金基数: 0
==================================================

